---
http_interactions:
- request:
    method: delete
    uri: http://localhost:9200/shikimori_test_animes
    body:
      encoding: US-ASCII
      string: ''
    headers:
      Content-Type:
      - application/json
      User-Agent:
      - Faraday v0.12.2
      Accept-Encoding:
      - gzip;q=1.0,deflate;q=0.6,identity;q=0.3
      Accept:
      - "*/*"
  response:
    status:
      code: 200
      message: OK
    headers:
      Content-Type:
      - application/json; charset=UTF-8
      Content-Length:
      - '47'
    body:
      encoding: ASCII-8BIT
      string: '{"acknowledged":true}'
    http_version: 
  recorded_at: Thu, 04 Jan 2018 18:05:19 GMT
- request:
    method: get
    uri: http://localhost:9200/
    body:
      encoding: US-ASCII
      string: ''
    headers:
      Content-Type:
      - application/json
      User-Agent:
      - Faraday v0.12.2
      Accept-Encoding:
      - gzip;q=1.0,deflate;q=0.6,identity;q=0.3
      Accept:
      - "*/*"
  response:
    status:
      code: 200
      message: OK
    headers:
      Content-Type:
      - application/json; charset=UTF-8
      Content-Length:
      - '242'
    body:
      encoding: ASCII-8BIT
      string: |
        {
          "name" : "EGskHAA",
          "cluster_name" : "elasticsearch_morr",
          "cluster_uuid" : "6pEyihhxRCaggNPc9LcVaA",
          "version" : {
            "number" : "5.6.5",
            "build_hash" : "6a37571",
            "build_date" : "2017-12-04T07:50:10.466Z",
            "build_snapshot" : false,
            "lucene_version" : "6.6.1"
          },
          "tagline" : "You Know, for Search"
        }
    http_version: 
  recorded_at: Thu, 04 Jan 2018 18:05:19 GMT
- request:
    method: put
    uri: http://localhost:9200/shikimori_test_animes
    body:
      encoding: UTF-8
      string: '{"settings":{"analysis":{"tokenizer":{"edge_ngram_tokenizer":{"type":"edgeNGram","min_gram":1,"max_gram":30}},"filter":{"edgeNGram_filter":{"type":"edgeNGram","min_gram":1,"max_gram":30,"side":"front"},"nGram_filter":{"type":"nGram","min_gram":1,"max_gram":30},"distinct_words_filter":{"type":"unique","only_on_same_position":true}},"analyzer":{"original_analyzer":{"type":"custom","tokenizer":"keyword","filter":["lowercase","asciifolding"]},"edge_analyzer":{"type":"custom","tokenizer":"standard","filter":["lowercase","asciifolding","edgeNGram_filter"]},"ngram_analyzer":{"type":"custom","tokenizer":"standard","filter":["lowercase","asciifolding","nGram_filter","distinct_words_filter"]},"search_analyzer":{"type":"custom","tokenizer":"standard","filter":["lowercase","asciifolding","distinct_words_filter"]}}}},"mappings":{"anime":{"properties":{"name":{"fields":{"original":{"index":"analyzed","analyzer":"original_analyzer","type":"string"},"edge":{"index":"analyzed","analyzer":"edge_analyzer","search_analyzer":"search_analyzer","type":"string"},"ngram":{"index":"analyzed","analyzer":"ngram_analyzer","search_analyzer":"search_analyzer","type":"string"}},"type":"keyword","index":"not_analyzed"},"russian":{"fields":{"original":{"index":"analyzed","analyzer":"original_analyzer","type":"string"},"edge":{"index":"analyzed","analyzer":"edge_analyzer","search_analyzer":"search_analyzer","type":"string"},"ngram":{"index":"analyzed","analyzer":"ngram_analyzer","search_analyzer":"search_analyzer","type":"string"}},"type":"keyword","index":"not_analyzed"},"english":{"fields":{"original":{"index":"analyzed","analyzer":"original_analyzer","type":"string"},"edge":{"index":"analyzed","analyzer":"edge_analyzer","search_analyzer":"search_analyzer","type":"string"},"ngram":{"index":"analyzed","analyzer":"ngram_analyzer","search_analyzer":"search_analyzer","type":"string"}},"type":"keyword","index":"not_analyzed"},"japanese":{"fields":{"original":{"index":"analyzed","analyzer":"original_analyzer","type":"string"},"edge":{"index":"analyzed","analyzer":"edge_analyzer","search_analyzer":"search_analyzer","type":"string"},"ngram":{"index":"analyzed","analyzer":"ngram_analyzer","search_analyzer":"search_analyzer","type":"string"}},"type":"keyword","index":"not_analyzed"},"synonyms_0":{"fields":{"original":{"index":"analyzed","analyzer":"original_analyzer","type":"string"},"edge":{"index":"analyzed","analyzer":"edge_analyzer","search_analyzer":"search_analyzer","type":"string"},"ngram":{"index":"analyzed","analyzer":"ngram_analyzer","search_analyzer":"search_analyzer","type":"string"}},"type":"keyword","index":"not_analyzed"},"synonyms_1":{"fields":{"original":{"index":"analyzed","analyzer":"original_analyzer","type":"string"},"edge":{"index":"analyzed","analyzer":"edge_analyzer","search_analyzer":"search_analyzer","type":"string"},"ngram":{"index":"analyzed","analyzer":"ngram_analyzer","search_analyzer":"search_analyzer","type":"string"}},"type":"keyword","index":"not_analyzed"},"synonyms_2":{"fields":{"original":{"index":"analyzed","analyzer":"original_analyzer","type":"string"},"edge":{"index":"analyzed","analyzer":"edge_analyzer","search_analyzer":"search_analyzer","type":"string"},"ngram":{"index":"analyzed","analyzer":"ngram_analyzer","search_analyzer":"search_analyzer","type":"string"}},"type":"keyword","index":"not_analyzed"},"synonyms_3":{"fields":{"original":{"index":"analyzed","analyzer":"original_analyzer","type":"string"},"edge":{"index":"analyzed","analyzer":"edge_analyzer","search_analyzer":"search_analyzer","type":"string"},"ngram":{"index":"analyzed","analyzer":"ngram_analyzer","search_analyzer":"search_analyzer","type":"string"}},"type":"keyword","index":"not_analyzed"},"synonyms_4":{"fields":{"original":{"index":"analyzed","analyzer":"original_analyzer","type":"string"},"edge":{"index":"analyzed","analyzer":"edge_analyzer","search_analyzer":"search_analyzer","type":"string"},"ngram":{"index":"analyzed","analyzer":"ngram_analyzer","search_analyzer":"search_analyzer","type":"string"}},"type":"keyword","index":"not_analyzed"},"synonyms_5":{"fields":{"original":{"index":"analyzed","analyzer":"original_analyzer","type":"string"},"edge":{"index":"analyzed","analyzer":"edge_analyzer","search_analyzer":"search_analyzer","type":"string"},"ngram":{"index":"analyzed","analyzer":"ngram_analyzer","search_analyzer":"search_analyzer","type":"string"}},"type":"keyword","index":"not_analyzed"},"weight":{"type":"half_float","index":false}}}}}'
    headers:
      Content-Type:
      - application/json
      User-Agent:
      - Faraday v0.12.2
      Accept-Encoding:
      - gzip;q=1.0,deflate;q=0.6,identity;q=0.3
      Accept:
      - "*/*"
  response:
    status:
      code: 200
      message: OK
    headers:
      Warning:
      - 299 Elasticsearch-5.6.5-6a37571 "Expected a boolean [true/false] for property
        [index] but got [not_analyzed]" "Thu, 04 Jan 2018 18:05:19 GMT"
      - 299 Elasticsearch-5.6.5-6a37571 "The [string] field is deprecated, please
        use [text] or [keyword] instead on [edge]" "Thu, 04 Jan 2018 18:05:19 GMT"
      - 299 Elasticsearch-5.6.5-6a37571 "The [string] field is deprecated, please
        use [text] or [keyword] instead on [ngram]" "Thu, 04 Jan 2018 18:05:19 GMT"
      - 299 Elasticsearch-5.6.5-6a37571 "The [string] field is deprecated, please
        use [text] or [keyword] instead on [original]" "Thu, 04 Jan 2018 18:05:19
        GMT"
      Content-Type:
      - application/json; charset=UTF-8
      Content-Length:
      - '87'
    body:
      encoding: ASCII-8BIT
      string: '{"acknowledged":true,"shards_acknowledged":true,"index":"shikimori_test_animes"}'
    http_version: 
  recorded_at: Thu, 04 Jan 2018 18:05:19 GMT
- request:
    method: head
    uri: http://localhost:9200/shikimori_test_animes
    body:
      encoding: US-ASCII
      string: ''
    headers:
      Content-Type:
      - application/json
      User-Agent:
      - Faraday v0.12.2
      Accept:
      - "*/*"
  response:
    status:
      code: 200
      message: OK
    headers:
      Content-Type:
      - application/json; charset=UTF-8
      Content-Length:
      - '3882'
    body:
      encoding: UTF-8
      string: ''
    http_version: 
  recorded_at: Thu, 04 Jan 2018 18:05:19 GMT
- request:
    method: post
    uri: http://localhost:9200/shikimori_test_animes/anime/_bulk?refresh=true
    body:
      encoding: UTF-8
      string: |
        {"index":{"_id":1}}
        {"name":"test","russian":null,"english":null,"japanese":null,"synonyms_0":null,"synonyms_1":null,"synonyms_2":null,"synonyms_3":null,"synonyms_4":null,"synonyms_5":null,"weight":1.301}
    headers:
      Content-Type:
      - application/json
      User-Agent:
      - Faraday v0.12.2
      Accept-Encoding:
      - gzip;q=1.0,deflate;q=0.6,identity;q=0.3
      Accept:
      - "*/*"
  response:
    status:
      code: 200
      message: OK
    headers:
      Content-Type:
      - application/json; charset=UTF-8
      Content-Length:
      - '186'
    body:
      encoding: ASCII-8BIT
      string: '{"took":6,"errors":false,"items":[{"index":{"_index":"shikimori_test_animes","_type":"anime","_id":"1","_version":1,"result":"created","forced_refresh":true,"_shards":{"total":2,"successful":1,"failed":0},"created":true,"status":201}}]}'
    http_version: 
  recorded_at: Thu, 04 Jan 2018 18:05:19 GMT
- request:
    method: head
    uri: http://localhost:9200/shikimori_test_animes
    body:
      encoding: US-ASCII
      string: ''
    headers:
      Content-Type:
      - application/json
      User-Agent:
      - Faraday v0.12.2
      Accept:
      - "*/*"
  response:
    status:
      code: 200
      message: OK
    headers:
      Content-Type:
      - application/json; charset=UTF-8
      Content-Length:
      - '3882'
    body:
      encoding: UTF-8
      string: ''
    http_version: 
  recorded_at: Thu, 04 Jan 2018 18:05:19 GMT
- request:
    method: post
    uri: http://localhost:9200/shikimori_test_animes/anime/_bulk?refresh=true
    body:
      encoding: UTF-8
      string: |
        {"index":{"_id":2}}
        {"name":"test zxct","russian":null,"english":null,"japanese":null,"synonyms_0":null,"synonyms_1":null,"synonyms_2":null,"synonyms_3":null,"synonyms_4":null,"synonyms_5":null,"weight":1.301}
    headers:
      Content-Type:
      - application/json
      User-Agent:
      - Faraday v0.12.2
      Accept-Encoding:
      - gzip;q=1.0,deflate;q=0.6,identity;q=0.3
      Accept:
      - "*/*"
  response:
    status:
      code: 200
      message: OK
    headers:
      Content-Type:
      - application/json; charset=UTF-8
      Content-Length:
      - '186'
    body:
      encoding: ASCII-8BIT
      string: '{"took":5,"errors":false,"items":[{"index":{"_index":"shikimori_test_animes","_type":"anime","_id":"2","_version":1,"result":"created","forced_refresh":true,"_shards":{"total":2,"successful":1,"failed":0},"created":true,"status":201}}]}'
    http_version: 
  recorded_at: Thu, 04 Jan 2018 18:05:19 GMT
- request:
    method: get
    uri: http://localhost:9200/shikimori_test_animes/anime/_search
    body:
      encoding: UTF-8
      string: '{"size":10,"query":{"function_score":{"query":{"dis_max":{"queries":[{"bool":{"should":[{"match":{"name.original":{"query":"test","boost":100}}},{"match":{"name.edge":{"query":"test","boost":5}}},{"match":{"name.ngram":{"query":"test"}}},{"match":{"russian.original":{"query":"test","boost":100}}},{"match":{"russian.edge":{"query":"test","boost":5}}},{"match":{"russian.ngram":{"query":"test"}}},{"match":{"english.original":{"query":"test","boost":100}}},{"match":{"english.edge":{"query":"test","boost":5}}},{"match":{"english.ngram":{"query":"test"}}},{"match":{"japanese.original":{"query":"test","boost":100}}},{"match":{"japanese.edge":{"query":"test","boost":5}}},{"match":{"japanese.ngram":{"query":"test"}}},{"match":{"synonyms_0.original":{"query":"test","boost":100}}},{"match":{"synonyms_0.edge":{"query":"test","boost":5}}},{"match":{"synonyms_0.ngram":{"query":"test"}}},{"match":{"synonyms_1.original":{"query":"test","boost":100}}},{"match":{"synonyms_1.edge":{"query":"test","boost":5}}},{"match":{"synonyms_1.ngram":{"query":"test"}}},{"match":{"synonyms_2.original":{"query":"test","boost":100}}},{"match":{"synonyms_2.edge":{"query":"test","boost":5}}},{"match":{"synonyms_2.ngram":{"query":"test"}}},{"match":{"synonyms_3.original":{"query":"test","boost":100}}},{"match":{"synonyms_3.edge":{"query":"test","boost":5}}},{"match":{"synonyms_3.ngram":{"query":"test"}}},{"match":{"synonyms_4.original":{"query":"test","boost":100}}},{"match":{"synonyms_4.edge":{"query":"test","boost":5}}},{"match":{"synonyms_4.ngram":{"query":"test"}}},{"match":{"synonyms_5.original":{"query":"test","boost":100}}},{"match":{"synonyms_5.edge":{"query":"test","boost":5}}},{"match":{"synonyms_5.ngram":{"query":"test"}}}]}}]}},"field_value_factor":{"field":"weight","modifier":"log","factor":1}}}}'
    headers:
      Content-Type:
      - application/json
      User-Agent:
      - Faraday v0.12.2
      Accept-Encoding:
      - gzip;q=1.0,deflate;q=0.6,identity;q=0.3
      Accept:
      - "*/*"
  response:
    status:
      code: 200
      message: OK
    headers:
      Content-Type:
      - application/json; charset=UTF-8
      Content-Length:
      - '271'
    body:
      encoding: ASCII-8BIT
      string: '{"took":0,"timed_out":false,"_shards":{"total":5,"successful":5,"skipped":0,"failed":0},"hits":{"total":2,"max_score":3.5740643,"hits":[{"_index":"shikimori_test_animes","_type":"anime","_id":"1","_score":3.5740643,"_source":{"name":"test","russian":null,"english":null,"japanese":null,"synonyms_0":null,"synonyms_1":null,"synonyms_2":null,"synonyms_3":null,"synonyms_4":null,"synonyms_5":null,"weight":1.301}},{"_index":"shikimori_test_animes","_type":"anime","_id":"2","_score":0.27843782,"_source":{"name":"test
        zxct","russian":null,"english":null,"japanese":null,"synonyms_0":null,"synonyms_1":null,"synonyms_2":null,"synonyms_3":null,"synonyms_4":null,"synonyms_5":null,"weight":1.301}}]}}'
    http_version: 
  recorded_at: Thu, 04 Jan 2018 18:05:19 GMT
recorded_with: VCR 4.0.0
