---
http_interactions:
- request:
    method: get
    uri: http://api-metrika.yandex.ru/stat/traffic/summary?date1=20130702&date2=20131002&group=day&id=7915231
    body:
      encoding: US-ASCII
      string: ''
    headers:
      User-Agent:
      - Faraday v0.9.1
      Accept:
      - application/x-yametrika+json
      Content-Type:
      - application/x-yametrika+json
      Authorization:
      - Bearer c751573157874acea30ba2ec46b9f6db
      Accept-Encoding:
      - gzip;q=1.0,deflate;q=0.6,identity;q=0.3
  response:
    status:
      code: 200
      message: OK
    headers:
      Server:
      - nginx
      Date:
      - Thu, 12 Mar 2015 18:27:18 GMT
      Content-Type:
      - application/x-yametrika+json
      Transfer-Encoding:
      - chunked
      Connection:
      - keep-alive
      Expires:
      - Thu, 01 Jan 1970 00:00:01 GMT
      Cache-Control:
      - no-cache
      - no-cache, no-store, max-age=0, must-revalidate
      Pragma:
      - no-cache
    body:
      encoding: UTF-8
      string: '{"date2":"20131002","min":{"denial":0.1239,"visits":16406,"new_visitors_perc":0.341,"page_views":107937,"visit_time":424,"depth":6.4202,"new_visitors":3699,"visitors":10328},"max":{"denial":0.1428,"visits":23442,"new_visitors_perc":0.538,"page_views":169086,"visit_time":506,"depth":7.5039,"new_visitors":6152,"visitors":14429},"data":[{"wday":2,"denial":0.1426,"visits":18907,"new_visitors_perc":0.3462,"page_views":129360,"date":"20131002","visit_time":424,"depth":6.8419,"new_visitors":4164,"visitors":12029,"id":"20131002"},{"wday":1,"denial":0.1373,"visits":18361,"new_visitors_perc":0.3446,"page_views":127196,"date":"20131001","visit_time":444,"depth":6.9275,"new_visitors":4089,"visitors":11867,"id":"20131001"},{"wday":0,"denial":0.1389,"visits":19936,"new_visitors_perc":0.3619,"page_views":134937,"date":"20130930","visit_time":444,"depth":6.7685,"new_visitors":4576,"visitors":12645,"id":"20130930"},{"wday":6,"denial":0.1249,"visits":23442,"new_visitors_perc":0.3762,"page_views":169086,"date":"20130929","visit_time":480,"depth":7.213,"new_visitors":5428,"visitors":14429,"id":"20130929"},{"wday":5,"denial":0.1289,"visits":21694,"new_visitors_perc":0.3767,"page_views":153420,"date":"20130928","visit_time":472,"depth":7.072,"new_visitors":5136,"visitors":13633,"id":"20130928"},{"wday":4,"denial":0.1282,"visits":17990,"new_visitors_perc":0.341,"page_views":115500,"date":"20130927","visit_time":435,"depth":6.4202,"new_visitors":3911,"visitors":11470,"id":"20130927"},{"wday":3,"denial":0.1357,"visits":18760,"new_visitors_perc":0.3482,"page_views":126094,"date":"20130926","visit_time":442,"depth":6.7214,"new_visitors":4140,"visitors":11890,"id":"20130926"},{"wday":2,"denial":0.1329,"visits":18672,"new_visitors_perc":0.3505,"page_views":121964,"date":"20130925","visit_time":440,"depth":6.5319,"new_visitors":4184,"visitors":11937,"id":"20130925"},{"wday":1,"denial":0.1375,"visits":18516,"new_visitors_perc":0.3472,"page_views":127787,"date":"20130924","visit_time":452,"depth":6.9014,"new_visitors":4070,"visitors":11721,"id":"20130924"},{"wday":0,"denial":0.1407,"visits":19266,"new_visitors_perc":0.3523,"page_views":125461,"date":"20130923","visit_time":430,"depth":6.512,"new_visitors":4298,"visitors":12199,"id":"20130923"},{"wday":6,"denial":0.1384,"visits":22301,"new_visitors_perc":0.3721,"page_views":150928,"date":"20130922","visit_time":445,"depth":6.7678,"new_visitors":5110,"visitors":13734,"id":"20130922"},{"wday":5,"denial":0.1307,"visits":21262,"new_visitors_perc":0.3807,"page_views":147156,"date":"20130921","visit_time":445,"depth":6.9211,"new_visitors":5115,"visitors":13435,"id":"20130921"},{"wday":4,"denial":0.1384,"visits":19306,"new_visitors_perc":0.3602,"page_views":128362,"date":"20130920","visit_time":439,"depth":6.6488,"new_visitors":4484,"visitors":12448,"id":"20130920"},{"wday":3,"denial":0.1409,"visits":18568,"new_visitors_perc":0.3501,"page_views":126107,"date":"20130919","visit_time":436,"depth":6.7916,"new_visitors":4138,"visitors":11819,"id":"20130919"},{"wday":2,"denial":0.1399,"visits":18832,"new_visitors_perc":0.3533,"page_views":125309,"date":"20130918","visit_time":452,"depth":6.654,"new_visitors":4183,"visitors":11839,"id":"20130918"},{"wday":1,"denial":0.1382,"visits":18672,"new_visitors_perc":0.3497,"page_views":126733,"date":"20130917","visit_time":441,"depth":6.7873,"new_visitors":4119,"visitors":11778,"id":"20130917"},{"wday":0,"denial":0.1394,"visits":18617,"new_visitors_perc":0.3544,"page_views":128284,"date":"20130916","visit_time":452,"depth":6.8907,"new_visitors":4172,"visitors":11771,"id":"20130916"},{"wday":6,"denial":0.1326,"visits":22289,"new_visitors_perc":0.3776,"page_views":152119,"date":"20130915","visit_time":460,"depth":6.8248,"new_visitors":5237,"visitors":13869,"id":"20130915"},{"wday":5,"denial":0.1316,"visits":20082,"new_visitors_perc":0.3705,"page_views":142670,"date":"20130914","visit_time":470,"depth":7.1044,"new_visitors":4687,"visitors":12650,"id":"20130914"},{"wday":4,"denial":0.1329,"visits":18166,"new_visitors_perc":0.3557,"page_views":129239,"date":"20130913","visit_time":461,"depth":7.1143,"new_visitors":4119,"visitors":11581,"id":"20130913"},{"wday":3,"denial":0.1381,"visits":17387,"new_visitors_perc":0.3467,"page_views":113974,"date":"20130912","visit_time":439,"depth":6.5551,"new_visitors":3817,"visitors":11008,"id":"20130912"},{"wday":2,"denial":0.1394,"visits":17567,"new_visitors_perc":0.3515,"page_views":116229,"date":"20130911","visit_time":453,"depth":6.6163,"new_visitors":3939,"visitors":11206,"id":"20130911"},{"wday":1,"denial":0.137,"visits":17328,"new_visitors_perc":0.35,"page_views":116914,"date":"20130910","visit_time":453,"depth":6.7471,"new_visitors":3841,"visitors":10973,"id":"20130910"},{"wday":0,"denial":0.1375,"visits":18248,"new_visitors_perc":0.3557,"page_views":124442,"date":"20130909","visit_time":450,"depth":6.8195,"new_visitors":4103,"visitors":11534,"id":"20130909"},{"wday":6,"denial":0.1336,"visits":21246,"new_visitors_perc":0.3717,"page_views":153737,"date":"20130908","visit_time":478,"depth":7.236,"new_visitors":4898,"visitors":13176,"id":"20130908"},{"wday":5,"denial":0.1304,"visits":19957,"new_visitors_perc":0.3864,"page_views":144429,"date":"20130907","visit_time":484,"depth":7.237,"new_visitors":4850,"visitors":12552,"id":"20130907"},{"wday":4,"denial":0.1367,"visits":17361,"new_visitors_perc":0.363,"page_views":120565,"date":"20130906","visit_time":454,"depth":6.9446,"new_visitors":4059,"visitors":11182,"id":"20130906"},{"wday":3,"denial":0.1365,"visits":16618,"new_visitors_perc":0.3513,"page_views":112182,"date":"20130905","visit_time":445,"depth":6.7506,"new_visitors":3705,"visitors":10548,"id":"20130905"},{"wday":2,"denial":0.1428,"visits":16683,"new_visitors_perc":0.354,"page_views":112948,"date":"20130904","visit_time":457,"depth":6.7702,"new_visitors":3765,"visitors":10636,"id":"20130904"},{"wday":1,"denial":0.142,"visits":16406,"new_visitors_perc":0.355,"page_views":107937,"date":"20130903","visit_time":440,"depth":6.5791,"new_visitors":3699,"visitors":10419,"id":"20130903"},{"wday":0,"denial":0.1362,"visits":17725,"new_visitors_perc":0.3585,"page_views":118158,"date":"20130902","visit_time":440,"depth":6.6662,"new_visitors":3999,"visitors":11156,"id":"20130902"},{"wday":6,"denial":0.1351,"visits":19685,"new_visitors_perc":0.3642,"page_views":132126,"date":"20130901","visit_time":447,"depth":6.712,"new_visitors":4378,"visitors":12020,"id":"20130901"},{"wday":5,"denial":0.1345,"visits":20432,"new_visitors_perc":0.376,"page_views":143797,"date":"20130831","visit_time":462,"depth":7.0378,"new_visitors":4733,"visitors":12589,"id":"20130831"},{"wday":4,"denial":0.1336,"visits":20467,"new_visitors_perc":0.371,"page_views":142098,"date":"20130830","visit_time":451,"depth":6.9428,"new_visitors":4791,"visitors":12914,"id":"20130830"},{"wday":3,"denial":0.136,"visits":20910,"new_visitors_perc":0.3684,"page_views":147023,"date":"20130829","visit_time":452,"depth":7.0312,"new_visitors":4814,"visitors":13066,"id":"20130829"},{"wday":2,"denial":0.1399,"visits":20843,"new_visitors_perc":0.3754,"page_views":147489,"date":"20130828","visit_time":460,"depth":7.0762,"new_visitors":4927,"visitors":13123,"id":"20130828"},{"wday":1,"denial":0.1389,"visits":21191,"new_visitors_perc":0.3855,"page_views":147309,"date":"20130827","visit_time":454,"depth":6.9515,"new_visitors":5138,"visitors":13329,"id":"20130827"},{"wday":0,"denial":0.14,"visits":21399,"new_visitors_perc":0.3755,"page_views":151380,"date":"20130826","visit_time":467,"depth":7.0742,"new_visitors":4977,"visitors":13254,"id":"20130826"},{"wday":6,"denial":0.1328,"visits":20410,"new_visitors_perc":0.3805,"page_views":144512,"date":"20130825","visit_time":468,"depth":7.0805,"new_visitors":4814,"visitors":12653,"id":"20130825"},{"wday":5,"denial":0.136,"visits":19165,"new_visitors_perc":0.3852,"page_views":138052,"date":"20130824","visit_time":478,"depth":7.2033,"new_visitors":4562,"visitors":11842,"id":"20130824"},{"wday":4,"denial":0.1369,"visits":20165,"new_visitors_perc":0.3866,"page_views":141783,"date":"20130823","visit_time":466,"depth":7.0311,"new_visitors":4842,"visitors":12525,"id":"20130823"},{"wday":3,"denial":0.1359,"visits":20426,"new_visitors_perc":0.3783,"page_views":143748,"date":"20130822","visit_time":465,"depth":7.0375,"new_visitors":4776,"visitors":12624,"id":"20130822"},{"wday":2,"denial":0.1341,"visits":20201,"new_visitors_perc":0.3868,"page_views":148996,"date":"20130821","visit_time":491,"depth":7.3757,"new_visitors":4793,"visitors":12393,"id":"20130821"},{"wday":1,"denial":0.1357,"visits":20624,"new_visitors_perc":0.3844,"page_views":149938,"date":"20130820","visit_time":473,"depth":7.2701,"new_visitors":4839,"visitors":12590,"id":"20130820"},{"wday":0,"denial":0.1354,"visits":20993,"new_visitors_perc":0.3853,"page_views":148882,"date":"20130819","visit_time":479,"depth":7.092,"new_visitors":4985,"visitors":12938,"id":"20130819"},{"wday":6,"denial":0.1365,"visits":20111,"new_visitors_perc":0.3897,"page_views":144029,"date":"20130818","visit_time":462,"depth":7.1617,"new_visitors":4867,"visitors":12489,"id":"20130818"},{"wday":5,"denial":0.139,"visits":19091,"new_visitors_perc":0.3932,"page_views":133411,"date":"20130817","visit_time":457,"depth":6.9882,"new_visitors":4705,"visitors":11966,"id":"20130817"},{"wday":4,"denial":0.1356,"visits":19666,"new_visitors_perc":0.3959,"page_views":142054,"date":"20130816","visit_time":480,"depth":7.2233,"new_visitors":4877,"visitors":12320,"id":"20130816"},{"wday":3,"denial":0.1305,"visits":20040,"new_visitors_perc":0.3931,"page_views":140704,"date":"20130815","visit_time":463,"depth":7.0212,"new_visitors":4928,"visitors":12536,"id":"20130815"},{"wday":2,"denial":0.1383,"visits":19980,"new_visitors_perc":0.3952,"page_views":139400,"date":"20130814","visit_time":465,"depth":6.977,"new_visitors":4950,"visitors":12525,"id":"20130814"},{"wday":1,"denial":0.1404,"visits":18527,"new_visitors_perc":0.3845,"page_views":131738,"date":"20130813","visit_time":457,"depth":7.1106,"new_visitors":4568,"visitors":11880,"id":"20130813"},{"wday":0,"denial":0.1358,"visits":20598,"new_visitors_perc":0.3974,"page_views":144362,"date":"20130812","visit_time":467,"depth":7.0085,"new_visitors":5048,"visitors":12701,"id":"20130812"},{"wday":6,"denial":0.1346,"visits":20067,"new_visitors_perc":0.3997,"page_views":140653,"date":"20130811","visit_time":466,"depth":7.0092,"new_visitors":4942,"visitors":12363,"id":"20130811"},{"wday":5,"denial":0.1363,"visits":18750,"new_visitors_perc":0.399,"page_views":130258,"date":"20130810","visit_time":454,"depth":6.9471,"new_visitors":4643,"visitors":11638,"id":"20130810"},{"wday":4,"denial":0.1372,"visits":19252,"new_visitors_perc":0.3934,"page_views":135628,"date":"20130809","visit_time":470,"depth":7.0449,"new_visitors":4744,"visitors":12058,"id":"20130809"},{"wday":3,"denial":0.1378,"visits":19468,"new_visitors_perc":0.397,"page_views":137113,"date":"20130808","visit_time":464,"depth":7.043,"new_visitors":4835,"visitors":12179,"id":"20130808"},{"wday":2,"denial":0.1405,"visits":19286,"new_visitors_perc":0.3946,"page_views":133924,"date":"20130807","visit_time":470,"depth":6.9441,"new_visitors":4697,"visitors":11903,"id":"20130807"},{"wday":1,"denial":0.1353,"visits":19628,"new_visitors_perc":0.3993,"page_views":137912,"date":"20130806","visit_time":475,"depth":7.0263,"new_visitors":4866,"visitors":12187,"id":"20130806"},{"wday":0,"denial":0.1356,"visits":19752,"new_visitors_perc":0.4036,"page_views":139854,"date":"20130805","visit_time":462,"depth":7.0805,"new_visitors":4983,"visitors":12346,"id":"20130805"},{"wday":6,"denial":0.1346,"visits":19202,"new_visitors_perc":0.4109,"page_views":139201,"date":"20130804","visit_time":470,"depth":7.2493,"new_visitors":4871,"visitors":11854,"id":"20130804"},{"wday":5,"denial":0.1397,"visits":17595,"new_visitors_perc":0.4022,"page_views":123211,"date":"20130803","visit_time":461,"depth":7.0026,"new_visitors":4419,"visitors":10987,"id":"20130803"},{"wday":4,"denial":0.1277,"visits":18585,"new_visitors_perc":0.422,"page_views":137324,"date":"20130802","visit_time":484,"depth":7.389,"new_visitors":4904,"visitors":11620,"id":"20130802"},{"wday":3,"denial":0.1357,"visits":18559,"new_visitors_perc":0.4297,"page_views":134146,"date":"20130801","visit_time":471,"depth":7.2281,"new_visitors":5030,"visitors":11707,"id":"20130801"},{"wday":2,"denial":0.1344,"visits":19000,"new_visitors_perc":0.4251,"page_views":139809,"date":"20130731","visit_time":481,"depth":7.3584,"new_visitors":5164,"visitors":12148,"id":"20130731"},{"wday":1,"denial":0.1342,"visits":19426,"new_visitors_perc":0.4072,"page_views":141185,"date":"20130730","visit_time":475,"depth":7.2678,"new_visitors":4932,"visitors":12111,"id":"20130730"},{"wday":0,"denial":0.1384,"visits":19701,"new_visitors_perc":0.3935,"page_views":141229,"date":"20130729","visit_time":491,"depth":7.1686,"new_visitors":4788,"visitors":12168,"id":"20130729"},{"wday":6,"denial":0.1316,"visits":18567,"new_visitors_perc":0.3982,"page_views":136858,"date":"20130728","visit_time":492,"depth":7.371,"new_visitors":4575,"visitors":11490,"id":"20130728"},{"wday":5,"denial":0.1367,"visits":17674,"new_visitors_perc":0.401,"page_views":122471,"date":"20130727","visit_time":455,"depth":6.9294,"new_visitors":4426,"visitors":11037,"id":"20130727"},{"wday":4,"denial":0.1318,"visits":17829,"new_visitors_perc":0.3937,"page_views":126048,"date":"20130726","visit_time":467,"depth":7.0698,"new_visitors":4390,"visitors":11152,"id":"20130726"},{"wday":3,"denial":0.1351,"visits":18124,"new_visitors_perc":0.3973,"page_views":125537,"date":"20130725","visit_time":459,"depth":6.9266,"new_visitors":4496,"visitors":11317,"id":"20130725"},{"wday":2,"denial":0.138,"visits":18519,"new_visitors_perc":0.4003,"page_views":132164,"date":"20130724","visit_time":464,"depth":7.1367,"new_visitors":4666,"visitors":11656,"id":"20130724"},{"wday":1,"denial":0.137,"visits":18619,"new_visitors_perc":0.3979,"page_views":128530,"date":"20130723","visit_time":467,"depth":6.9032,"new_visitors":4638,"visitors":11657,"id":"20130723"},{"wday":0,"denial":0.129,"visits":18798,"new_visitors_perc":0.3964,"page_views":132751,"date":"20130722","visit_time":468,"depth":7.062,"new_visitors":4658,"visitors":11752,"id":"20130722"},{"wday":6,"denial":0.1299,"visits":18425,"new_visitors_perc":0.407,"page_views":131444,"date":"20130721","visit_time":472,"depth":7.134,"new_visitors":4640,"visitors":11400,"id":"20130721"},{"wday":5,"denial":0.1304,"visits":17260,"new_visitors_perc":0.4078,"page_views":120392,"date":"20130720","visit_time":457,"depth":6.9752,"new_visitors":4363,"visitors":10698,"id":"20130720"},{"wday":4,"denial":0.1298,"visits":17630,"new_visitors_perc":0.404,"page_views":124827,"date":"20130719","visit_time":469,"depth":7.0804,"new_visitors":4511,"visitors":11166,"id":"20130719"},{"wday":3,"denial":0.1311,"visits":17881,"new_visitors_perc":0.396,"page_views":124378,"date":"20130718","visit_time":476,"depth":6.9559,"new_visitors":4427,"visitors":11179,"id":"20130718"},{"wday":2,"denial":0.1376,"visits":17955,"new_visitors_perc":0.4054,"page_views":126596,"date":"20130717","visit_time":463,"depth":7.0507,"new_visitors":4558,"visitors":11244,"id":"20130717"},{"wday":1,"denial":0.1396,"visits":18762,"new_visitors_perc":0.4162,"page_views":130591,"date":"20130716","visit_time":463,"depth":6.9604,"new_visitors":4923,"visitors":11828,"id":"20130716"},{"wday":0,"denial":0.1274,"visits":18627,"new_visitors_perc":0.4187,"page_views":132098,"date":"20130715","visit_time":481,"depth":7.0917,"new_visitors":4848,"visitors":11578,"id":"20130715"},{"wday":6,"denial":0.1328,"visits":18368,"new_visitors_perc":0.4331,"page_views":133428,"date":"20130714","visit_time":500,"depth":7.2642,"new_visitors":4927,"visitors":11376,"id":"20130714"},{"wday":5,"denial":0.1312,"visits":17506,"new_visitors_perc":0.4456,"page_views":126779,"date":"20130713","visit_time":479,"depth":7.242,"new_visitors":4809,"visitors":10792,"id":"20130713"},{"wday":4,"denial":0.1279,"visits":17887,"new_visitors_perc":0.4999,"page_views":128471,"date":"20130712","visit_time":478,"depth":7.1824,"new_visitors":5670,"visitors":11343,"id":"20130712"},{"wday":3,"denial":0.1332,"visits":18180,"new_visitors_perc":0.538,"page_views":126221,"date":"20130711","visit_time":480,"depth":6.9428,"new_visitors":6152,"visitors":11435,"id":"20130711"},{"wday":2,"denial":0.1285,"visits":18066,"new_visitors_perc":0.4727,"page_views":127482,"date":"20130710","visit_time":471,"depth":7.0565,"new_visitors":5302,"visitors":11217,"id":"20130710"},{"wday":1,"denial":0.1296,"visits":18282,"new_visitors_perc":0.4463,"page_views":133132,"date":"20130709","visit_time":497,"depth":7.2821,"new_visitors":5067,"visitors":11353,"id":"20130709"},{"wday":0,"denial":0.1291,"visits":18827,"new_visitors_perc":0.4491,"page_views":133870,"date":"20130708","visit_time":481,"depth":7.1105,"new_visitors":5294,"visitors":11789,"id":"20130708"},{"wday":6,"denial":0.1358,"visits":18165,"new_visitors_perc":0.4548,"page_views":127045,"date":"20130707","visit_time":478,"depth":6.9939,"new_visitors":5143,"visitors":11308,"id":"20130707"},{"wday":5,"denial":0.1291,"visits":16730,"new_visitors_perc":0.4466,"page_views":119762,"date":"20130706","visit_time":481,"depth":7.1585,"new_visitors":4613,"visitors":10328,"id":"20130706"},{"wday":4,"denial":0.1289,"visits":17329,"new_visitors_perc":0.4638,"page_views":128406,"date":"20130705","visit_time":483,"depth":7.4099,"new_visitors":5005,"visitors":10792,"id":"20130705"},{"wday":3,"denial":0.1259,"visits":17654,"new_visitors_perc":0.442,"page_views":128418,"date":"20130704","visit_time":489,"depth":7.2742,"new_visitors":4808,"visitors":10878,"id":"20130704"},{"wday":2,"denial":0.1313,"visits":17201,"new_visitors_perc":0.4492,"page_views":125875,"date":"20130703","visit_time":496,"depth":7.3179,"new_visitors":4800,"visitors":10685,"id":"20130703"},{"wday":1,"denial":0.1239,"visits":17019,"new_visitors_perc":0.4249,"page_views":127709,"date":"20130702","visit_time":506,"depth":7.5039,"new_visitors":4438,"visitors":10445,"id":"20130702"}],"rows":93,"date1":"20130702","id":"7915231","goals":[],"totals":{"denial":0.1348,"visits":1769244,"new_visitors_perc":0.883,"page_views":12404788,"visit_time":464,"depth":7.0113,"new_visitors":433312,"visitors":490730}}'
    http_version: 
  recorded_at: Fri, 02 Jan 2015 21:00:00 GMT
- request:
    method: get
    uri: http://api-metrika.yandex.ru/stat/traffic/summary?date1=20131002&date2=20140102&group=day&id=7915231
    body:
      encoding: US-ASCII
      string: ''
    headers:
      User-Agent:
      - Faraday v0.9.1
      Accept:
      - application/x-yametrika+json
      Content-Type:
      - application/x-yametrika+json
      Authorization:
      - Bearer c751573157874acea30ba2ec46b9f6db
      Accept-Encoding:
      - gzip;q=1.0,deflate;q=0.6,identity;q=0.3
  response:
    status:
      code: 200
      message: OK
    headers:
      Server:
      - nginx
      Date:
      - Thu, 12 Mar 2015 18:27:18 GMT
      Content-Type:
      - application/x-yametrika+json
      Transfer-Encoding:
      - chunked
      Connection:
      - keep-alive
      Expires:
      - Thu, 01 Jan 1970 00:00:01 GMT
      Cache-Control:
      - no-cache
      - no-cache, no-store, max-age=0, must-revalidate
      Pragma:
      - no-cache
    body:
      encoding: UTF-8
      string: '{"date2":"20140102","min":{"denial":0.093,"visits":16733,"new_visitors_perc":0.339,"page_views":106600,"visit_time":391,"depth":6.3253,"new_visitors":3812,"visitors":11111},"max":{"denial":0.1503,"visits":26664,"new_visitors_perc":0.4198,"page_views":190776,"visit_time":491,"depth":7.2636,"new_visitors":7234,"visitors":17233},"data":[{"wday":3,"denial":0.0988,"visits":26664,"new_visitors_perc":0.4198,"page_views":190776,"date":"20140102","visit_time":474,"depth":7.1548,"new_visitors":7234,"visitors":17233,"id":"20140102"},{"wday":2,"denial":0.0964,"visits":23498,"new_visitors_perc":0.4057,"page_views":164573,"date":"20140101","visit_time":459,"depth":7.0037,"new_visitors":6092,"visitors":15015,"id":"20140101"},{"wday":1,"denial":0.0968,"visits":19253,"new_visitors_perc":0.3639,"page_views":124210,"date":"20131231","visit_time":437,"depth":6.4515,"new_visitors":4403,"visitors":12100,"id":"20131231"},{"wday":0,"denial":0.0999,"visits":23509,"new_visitors_perc":0.3882,"page_views":159695,"date":"20131230","visit_time":452,"depth":6.7929,"new_visitors":5828,"visitors":15011,"id":"20131230"},{"wday":6,"denial":0.093,"visits":24435,"new_visitors_perc":0.3956,"page_views":163478,"date":"20131229","visit_time":444,"depth":6.6903,"new_visitors":6137,"visitors":15513,"id":"20131229"},{"wday":5,"denial":0.0942,"visits":22976,"new_visitors_perc":0.3824,"page_views":153626,"date":"20131228","visit_time":435,"depth":6.6864,"new_visitors":5641,"visitors":14751,"id":"20131228"},{"wday":4,"denial":0.0955,"visits":21852,"new_visitors_perc":0.3694,"page_views":148190,"date":"20131227","visit_time":445,"depth":6.7815,"new_visitors":5210,"visitors":14105,"id":"20131227"},{"wday":3,"denial":0.0938,"visits":21455,"new_visitors_perc":0.3706,"page_views":145443,"date":"20131226","visit_time":447,"depth":6.779,"new_visitors":5123,"visitors":13823,"id":"20131226"},{"wday":2,"denial":0.0978,"visits":21043,"new_visitors_perc":0.3714,"page_views":146684,"date":"20131225","visit_time":445,"depth":6.9707,"new_visitors":5038,"visitors":13565,"id":"20131225"},{"wday":1,"denial":0.095,"visits":20902,"new_visitors_perc":0.366,"page_views":142110,"date":"20131224","visit_time":442,"depth":6.7989,"new_visitors":4919,"visitors":13441,"id":"20131224"},{"wday":0,"denial":0.117,"visits":21276,"new_visitors_perc":0.3633,"page_views":145609,"date":"20131223","visit_time":457,"depth":6.8438,"new_visitors":4922,"visitors":13549,"id":"20131223"},{"wday":6,"denial":0.1379,"visits":21076,"new_visitors_perc":0.377,"page_views":148102,"date":"20131222","visit_time":464,"depth":7.027,"new_visitors":5162,"visitors":13694,"id":"20131222"},{"wday":5,"denial":0.1332,"visits":22817,"new_visitors_perc":0.378,"page_views":157959,"date":"20131221","visit_time":455,"depth":6.9229,"new_visitors":5482,"visitors":14504,"id":"20131221"},{"wday":4,"denial":0.135,"visits":20376,"new_visitors_perc":0.3657,"page_views":138999,"date":"20131220","visit_time":447,"depth":6.8217,"new_visitors":4788,"visitors":13093,"id":"20131220"},{"wday":3,"denial":0.1425,"visits":20214,"new_visitors_perc":0.3547,"page_views":133329,"date":"20131219","visit_time":434,"depth":6.5959,"new_visitors":4553,"visitors":12836,"id":"20131219"},{"wday":2,"denial":0.1436,"visits":19937,"new_visitors_perc":0.3541,"page_views":133609,"date":"20131218","visit_time":434,"depth":6.7016,"new_visitors":4486,"visitors":12668,"id":"20131218"},{"wday":1,"denial":0.1448,"visits":19785,"new_visitors_perc":0.3572,"page_views":128104,"date":"20131217","visit_time":428,"depth":6.4748,"new_visitors":4577,"visitors":12812,"id":"20131217"},{"wday":0,"denial":0.141,"visits":20718,"new_visitors_perc":0.3622,"page_views":134381,"date":"20131216","visit_time":427,"depth":6.4862,"new_visitors":4834,"visitors":13347,"id":"20131216"},{"wday":6,"denial":0.1368,"visits":24091,"new_visitors_perc":0.3794,"page_views":163182,"date":"20131215","visit_time":448,"depth":6.7736,"new_visitors":5709,"visitors":15049,"id":"20131215"},{"wday":5,"denial":0.1393,"visits":22570,"new_visitors_perc":0.3776,"page_views":154661,"date":"20131214","visit_time":447,"depth":6.8525,"new_visitors":5416,"visitors":14342,"id":"20131214"},{"wday":4,"denial":0.1401,"visits":19746,"new_visitors_perc":0.3564,"page_views":132481,"date":"20131213","visit_time":439,"depth":6.7093,"new_visitors":4540,"visitors":12737,"id":"20131213"},{"wday":3,"denial":0.1457,"visits":19851,"new_visitors_perc":0.3582,"page_views":133977,"date":"20131212","visit_time":439,"depth":6.7491,"new_visitors":4513,"visitors":12599,"id":"20131212"},{"wday":2,"denial":0.1465,"visits":19826,"new_visitors_perc":0.36,"page_views":129721,"date":"20131211","visit_time":428,"depth":6.543,"new_visitors":4604,"visitors":12788,"id":"20131211"},{"wday":1,"denial":0.146,"visits":20080,"new_visitors_perc":0.3647,"page_views":131353,"date":"20131210","visit_time":425,"depth":6.5415,"new_visitors":4743,"visitors":13005,"id":"20131210"},{"wday":0,"denial":0.1425,"visits":20284,"new_visitors_perc":0.3634,"page_views":134338,"date":"20131209","visit_time":434,"depth":6.6229,"new_visitors":4708,"visitors":12956,"id":"20131209"},{"wday":6,"denial":0.139,"visits":23528,"new_visitors_perc":0.3787,"page_views":160952,"date":"20131208","visit_time":440,"depth":6.8409,"new_visitors":5639,"visitors":14891,"id":"20131208"},{"wday":5,"denial":0.1426,"visits":21472,"new_visitors_perc":0.3793,"page_views":143955,"date":"20131207","visit_time":433,"depth":6.7043,"new_visitors":5237,"visitors":13806,"id":"20131207"},{"wday":4,"denial":0.1404,"visits":20066,"new_visitors_perc":0.3652,"page_views":134734,"date":"20131206","visit_time":435,"depth":6.7145,"new_visitors":4693,"visitors":12849,"id":"20131206"},{"wday":3,"denial":0.1399,"visits":19556,"new_visitors_perc":0.3521,"page_views":130941,"date":"20131205","visit_time":431,"depth":6.6957,"new_visitors":4398,"visitors":12489,"id":"20131205"},{"wday":2,"denial":0.1481,"visits":19147,"new_visitors_perc":0.3633,"page_views":123689,"date":"20131204","visit_time":421,"depth":6.46,"new_visitors":4534,"visitors":12480,"id":"20131204"},{"wday":1,"denial":0.1427,"visits":19528,"new_visitors_perc":0.361,"page_views":129363,"date":"20131203","visit_time":425,"depth":6.6245,"new_visitors":4526,"visitors":12536,"id":"20131203"},{"wday":0,"denial":0.1435,"visits":19766,"new_visitors_perc":0.3672,"page_views":128590,"date":"20131202","visit_time":415,"depth":6.5056,"new_visitors":4678,"visitors":12738,"id":"20131202"},{"wday":6,"denial":0.1448,"visits":23093,"new_visitors_perc":0.3819,"page_views":156593,"date":"20131201","visit_time":445,"depth":6.781,"new_visitors":5529,"visitors":14478,"id":"20131201"},{"wday":5,"denial":0.1423,"visits":21754,"new_visitors_perc":0.3868,"page_views":146546,"date":"20131130","visit_time":444,"depth":6.7365,"new_visitors":5387,"visitors":13927,"id":"20131130"},{"wday":4,"denial":0.1447,"visits":19701,"new_visitors_perc":0.3687,"page_views":130574,"date":"20131129","visit_time":425,"depth":6.6278,"new_visitors":4670,"visitors":12665,"id":"20131129"},{"wday":3,"denial":0.1496,"visits":19240,"new_visitors_perc":0.3553,"page_views":122297,"date":"20131128","visit_time":428,"depth":6.3564,"new_visitors":4373,"visitors":12308,"id":"20131128"},{"wday":2,"denial":0.1411,"visits":19544,"new_visitors_perc":0.3577,"page_views":123826,"date":"20131127","visit_time":417,"depth":6.3358,"new_visitors":4467,"visitors":12488,"id":"20131127"},{"wday":1,"denial":0.1448,"visits":19535,"new_visitors_perc":0.3627,"page_views":123565,"date":"20131126","visit_time":413,"depth":6.3253,"new_visitors":4536,"visitors":12505,"id":"20131126"},{"wday":0,"denial":0.1472,"visits":19977,"new_visitors_perc":0.3665,"page_views":131008,"date":"20131125","visit_time":433,"depth":6.5579,"new_visitors":4747,"visitors":12953,"id":"20131125"},{"wday":6,"denial":0.1467,"visits":23450,"new_visitors_perc":0.3732,"page_views":155166,"date":"20131124","visit_time":440,"depth":6.6169,"new_visitors":5491,"visitors":14713,"id":"20131124"},{"wday":5,"denial":0.1433,"visits":21565,"new_visitors_perc":0.3867,"page_views":148350,"date":"20131123","visit_time":460,"depth":6.8792,"new_visitors":5332,"visitors":13787,"id":"20131123"},{"wday":4,"denial":0.1429,"visits":19599,"new_visitors_perc":0.3661,"page_views":128307,"date":"20131122","visit_time":432,"depth":6.5466,"new_visitors":4653,"visitors":12710,"id":"20131122"},{"wday":3,"denial":0.14,"visits":18996,"new_visitors_perc":0.3621,"page_views":126165,"date":"20131121","visit_time":463,"depth":6.6417,"new_visitors":4442,"visitors":12267,"id":"20131121"},{"wday":2,"denial":0.1402,"visits":19225,"new_visitors_perc":0.363,"page_views":127617,"date":"20131120","visit_time":466,"depth":6.6381,"new_visitors":4505,"visitors":12409,"id":"20131120"},{"wday":1,"denial":0.1464,"visits":19300,"new_visitors_perc":0.3596,"page_views":130439,"date":"20131119","visit_time":469,"depth":6.7585,"new_visitors":4473,"visitors":12438,"id":"20131119"},{"wday":0,"denial":0.1459,"visits":19750,"new_visitors_perc":0.3588,"page_views":128083,"date":"20131118","visit_time":465,"depth":6.4852,"new_visitors":4536,"visitors":12642,"id":"20131118"},{"wday":6,"denial":0.1416,"visits":23258,"new_visitors_perc":0.3808,"page_views":157299,"date":"20131117","visit_time":477,"depth":6.7632,"new_visitors":5567,"visitors":14618,"id":"20131117"},{"wday":5,"denial":0.1366,"visits":21700,"new_visitors_perc":0.3747,"page_views":149821,"date":"20131116","visit_time":491,"depth":6.9042,"new_visitors":5123,"visitors":13671,"id":"20131116"},{"wday":4,"denial":0.1485,"visits":19276,"new_visitors_perc":0.3623,"page_views":127302,"date":"20131115","visit_time":454,"depth":6.6042,"new_visitors":4508,"visitors":12444,"id":"20131115"},{"wday":3,"denial":0.1406,"visits":19235,"new_visitors_perc":0.3525,"page_views":127478,"date":"20131114","visit_time":470,"depth":6.6274,"new_visitors":4308,"visitors":12222,"id":"20131114"},{"wday":2,"denial":0.1448,"visits":19353,"new_visitors_perc":0.3606,"page_views":129692,"date":"20131113","visit_time":461,"depth":6.7014,"new_visitors":4504,"visitors":12491,"id":"20131113"},{"wday":1,"denial":0.1472,"visits":19138,"new_visitors_perc":0.3579,"page_views":122106,"date":"20131112","visit_time":445,"depth":6.3803,"new_visitors":4436,"visitors":12393,"id":"20131112"},{"wday":0,"denial":0.1453,"visits":20145,"new_visitors_perc":0.3651,"page_views":133705,"date":"20131111","visit_time":459,"depth":6.6371,"new_visitors":4752,"visitors":13014,"id":"20131111"},{"wday":6,"denial":0.1397,"visits":24632,"new_visitors_perc":0.3779,"page_views":172000,"date":"20131110","visit_time":476,"depth":6.9828,"new_visitors":5812,"visitors":15381,"id":"20131110"},{"wday":5,"denial":0.1384,"visits":22861,"new_visitors_perc":0.376,"page_views":157683,"date":"20131109","visit_time":468,"depth":6.8975,"new_visitors":5432,"visitors":14447,"id":"20131109"},{"wday":4,"denial":0.1379,"visits":21550,"new_visitors_perc":0.3686,"page_views":146514,"date":"20131108","visit_time":474,"depth":6.7988,"new_visitors":5043,"visitors":13682,"id":"20131108"},{"wday":3,"denial":0.1352,"visits":21609,"new_visitors_perc":0.3723,"page_views":147839,"date":"20131107","visit_time":476,"depth":6.8415,"new_visitors":5112,"visitors":13730,"id":"20131107"},{"wday":2,"denial":0.1397,"visits":20556,"new_visitors_perc":0.3654,"page_views":146066,"date":"20131106","visit_time":490,"depth":7.1058,"new_visitors":4803,"visitors":13144,"id":"20131106"},{"wday":1,"denial":0.1408,"visits":21376,"new_visitors_perc":0.3776,"page_views":147936,"date":"20131105","visit_time":479,"depth":6.9207,"new_visitors":5149,"visitors":13635,"id":"20131105"},{"wday":0,"denial":0.1445,"visits":23246,"new_visitors_perc":0.3853,"page_views":158824,"date":"20131104","visit_time":460,"depth":6.8323,"new_visitors":5636,"visitors":14629,"id":"20131104"},{"wday":6,"denial":0.135,"visits":23112,"new_visitors_perc":0.3843,"page_views":163474,"date":"20131103","visit_time":484,"depth":7.0731,"new_visitors":5569,"visitors":14493,"id":"20131103"},{"wday":5,"denial":0.1435,"visits":21527,"new_visitors_perc":0.3833,"page_views":146003,"date":"20131102","visit_time":467,"depth":6.7823,"new_visitors":5214,"visitors":13604,"id":"20131102"},{"wday":4,"denial":0.1426,"visits":20121,"new_visitors_perc":0.3659,"page_views":132491,"date":"20131101","visit_time":450,"depth":6.5847,"new_visitors":4713,"visitors":12882,"id":"20131101"},{"wday":3,"denial":0.1404,"visits":19751,"new_visitors_perc":0.3621,"page_views":129869,"date":"20131031","visit_time":433,"depth":6.5753,"new_visitors":4553,"visitors":12575,"id":"20131031"},{"wday":2,"denial":0.141,"visits":19534,"new_visitors_perc":0.3586,"page_views":129410,"date":"20131030","visit_time":432,"depth":6.6249,"new_visitors":4501,"visitors":12550,"id":"20131030"},{"wday":1,"denial":0.1456,"visits":19950,"new_visitors_perc":0.3602,"page_views":130246,"date":"20131029","visit_time":426,"depth":6.5286,"new_visitors":4555,"visitors":12647,"id":"20131029"},{"wday":0,"denial":0.1433,"visits":20790,"new_visitors_perc":0.3711,"page_views":139998,"date":"20131028","visit_time":433,"depth":6.7339,"new_visitors":4943,"visitors":13319,"id":"20131028"},{"wday":6,"denial":0.1376,"visits":23183,"new_visitors_perc":0.3913,"page_views":159099,"date":"20131027","visit_time":457,"depth":6.8627,"new_visitors":5681,"visitors":14519,"id":"20131027"},{"wday":5,"denial":0.1357,"visits":21152,"new_visitors_perc":0.3769,"page_views":142598,"date":"20131026","visit_time":436,"depth":6.7416,"new_visitors":5067,"visitors":13445,"id":"20131026"},{"wday":4,"denial":0.1503,"visits":19412,"new_visitors_perc":0.3687,"page_views":125947,"date":"20131025","visit_time":427,"depth":6.4881,"new_visitors":4674,"visitors":12676,"id":"20131025"},{"wday":3,"denial":0.1482,"visits":16733,"new_visitors_perc":0.3431,"page_views":106600,"date":"20131024","visit_time":391,"depth":6.3706,"new_visitors":3812,"visitors":11111,"id":"20131024"},{"wday":2,"denial":0.1464,"visits":19252,"new_visitors_perc":0.3649,"page_views":125396,"date":"20131023","visit_time":414,"depth":6.5134,"new_visitors":4543,"visitors":12451,"id":"20131023"},{"wday":1,"denial":0.1492,"visits":19452,"new_visitors_perc":0.3648,"page_views":124973,"date":"20131022","visit_time":424,"depth":6.4247,"new_visitors":4611,"visitors":12640,"id":"20131022"},{"wday":0,"denial":0.1452,"visits":19956,"new_visitors_perc":0.361,"page_views":126766,"date":"20131021","visit_time":421,"depth":6.3523,"new_visitors":4636,"visitors":12841,"id":"20131021"},{"wday":6,"denial":0.1357,"visits":23710,"new_visitors_perc":0.3816,"page_views":156832,"date":"20131020","visit_time":441,"depth":6.6146,"new_visitors":5684,"visitors":14895,"id":"20131020"},{"wday":5,"denial":0.1426,"visits":22465,"new_visitors_perc":0.3791,"page_views":148710,"date":"20131019","visit_time":434,"depth":6.6196,"new_visitors":5412,"visitors":14275,"id":"20131019"},{"wday":4,"denial":0.1446,"visits":19525,"new_visitors_perc":0.3683,"page_views":126029,"date":"20131018","visit_time":431,"depth":6.4548,"new_visitors":4661,"visitors":12654,"id":"20131018"},{"wday":3,"denial":0.1411,"visits":19106,"new_visitors_perc":0.339,"page_views":125722,"date":"20131017","visit_time":428,"depth":6.5802,"new_visitors":4120,"visitors":12154,"id":"20131017"},{"wday":2,"denial":0.1369,"visits":19303,"new_visitors_perc":0.3471,"page_views":128045,"date":"20131016","visit_time":441,"depth":6.6334,"new_visitors":4242,"visitors":12221,"id":"20131016"},{"wday":1,"denial":0.1412,"visits":19626,"new_visitors_perc":0.3464,"page_views":128255,"date":"20131015","visit_time":432,"depth":6.535,"new_visitors":4296,"visitors":12401,"id":"20131015"},{"wday":0,"denial":0.1446,"visits":20093,"new_visitors_perc":0.343,"page_views":130575,"date":"20131014","visit_time":433,"depth":6.4985,"new_visitors":4354,"visitors":12694,"id":"20131014"},{"wday":6,"denial":0.1395,"visits":23570,"new_visitors_perc":0.369,"page_views":156657,"date":"20131013","visit_time":448,"depth":6.6465,"new_visitors":5342,"visitors":14476,"id":"20131013"},{"wday":5,"denial":0.136,"visits":22135,"new_visitors_perc":0.3615,"page_views":148198,"date":"20131012","visit_time":453,"depth":6.6952,"new_visitors":5006,"visitors":13846,"id":"20131012"},{"wday":4,"denial":0.1407,"visits":19819,"new_visitors_perc":0.3514,"page_views":128547,"date":"20131011","visit_time":435,"depth":6.486,"new_visitors":4438,"visitors":12628,"id":"20131011"},{"wday":3,"denial":0.1441,"visits":20068,"new_visitors_perc":0.348,"page_views":130534,"date":"20131010","visit_time":428,"depth":6.5046,"new_visitors":4367,"visitors":12548,"id":"20131010"},{"wday":2,"denial":0.1407,"visits":20055,"new_visitors_perc":0.3503,"page_views":136256,"date":"20131009","visit_time":445,"depth":6.7941,"new_visitors":4445,"visitors":12689,"id":"20131009"},{"wday":1,"denial":0.1357,"visits":20048,"new_visitors_perc":0.3516,"page_views":135449,"date":"20131008","visit_time":456,"depth":6.7562,"new_visitors":4468,"visitors":12707,"id":"20131008"},{"wday":0,"denial":0.1396,"visits":20594,"new_visitors_perc":0.3567,"page_views":138707,"date":"20131007","visit_time":446,"depth":6.7353,"new_visitors":4659,"visitors":13061,"id":"20131007"},{"wday":6,"denial":0.1298,"visits":24893,"new_visitors_perc":0.377,"page_views":172246,"date":"20131006","visit_time":472,"depth":6.9195,"new_visitors":5744,"visitors":15236,"id":"20131006"},{"wday":5,"denial":0.1302,"visits":23418,"new_visitors_perc":0.3812,"page_views":170098,"date":"20131005","visit_time":487,"depth":7.2636,"new_visitors":5532,"visitors":14513,"id":"20131005"},{"wday":4,"denial":0.1338,"visits":20784,"new_visitors_perc":0.3683,"page_views":143748,"date":"20131004","visit_time":454,"depth":6.9163,"new_visitors":4870,"visitors":13224,"id":"20131004"},{"wday":3,"denial":0.1386,"visits":19054,"new_visitors_perc":0.3476,"page_views":129659,"date":"20131003","visit_time":440,"depth":6.8048,"new_visitors":4241,"visitors":12200,"id":"20131003"},{"wday":2,"denial":0.1426,"visits":18907,"new_visitors_perc":0.3462,"page_views":129360,"date":"20131002","visit_time":424,"depth":6.8419,"new_visitors":4164,"visitors":12029,"id":"20131002"}],"rows":93,"date1":"20131002","id":"7915231","goals":[],"totals":{"denial":0.1359,"visits":1945059,"new_visitors_perc":0.8545,"page_views":13040112,"visit_time":446,"depth":6.7042,"new_visitors":456810,"visitors":534580}}'
    http_version: 
  recorded_at: Fri, 02 Jan 2015 21:00:00 GMT
- request:
    method: get
    uri: http://api-metrika.yandex.ru/stat/traffic/summary?date1=20140102&date2=20140402&group=day&id=7915231
    body:
      encoding: US-ASCII
      string: ''
    headers:
      User-Agent:
      - Faraday v0.9.1
      Accept:
      - application/x-yametrika+json
      Content-Type:
      - application/x-yametrika+json
      Authorization:
      - Bearer c751573157874acea30ba2ec46b9f6db
      Accept-Encoding:
      - gzip;q=1.0,deflate;q=0.6,identity;q=0.3
  response:
    status:
      code: 200
      message: OK
    headers:
      Server:
      - nginx
      Date:
      - Thu, 12 Mar 2015 18:27:19 GMT
      Content-Type:
      - application/x-yametrika+json
      Transfer-Encoding:
      - chunked
      Connection:
      - keep-alive
      Expires:
      - Thu, 01 Jan 1970 00:00:01 GMT
      Cache-Control:
      - no-cache
      - no-cache, no-store, max-age=0, must-revalidate
      Pragma:
      - no-cache
    body:
      encoding: UTF-8
      string: '{"date2":"20140402","min":{"denial":0.0886,"visits":22361,"new_visitors_perc":0.354,"page_views":142350,"visit_time":412,"depth":6.1631,"new_visitors":5272,"visitors":14459},"max":{"denial":0.1229,"visits":32659,"new_visitors_perc":0.4449,"page_views":231811,"visit_time":489,"depth":7.3164,"new_visitors":8115,"visitors":20323},"data":[{"wday":2,"denial":0.0992,"visits":25562,"new_visitors_perc":0.3604,"page_views":176618,"date":"20140402","visit_time":448,"depth":6.9094,"new_visitors":5891,"visitors":16344,"id":"20140402"},{"wday":1,"denial":0.0991,"visits":26586,"new_visitors_perc":0.3678,"page_views":187216,"date":"20140401","visit_time":447,"depth":7.0419,"new_visitors":6312,"visitors":17162,"id":"20140401"},{"wday":0,"denial":0.1007,"visits":28608,"new_visitors_perc":0.3714,"page_views":195676,"date":"20140331","visit_time":443,"depth":6.8399,"new_visitors":6689,"visitors":18011,"id":"20140331"},{"wday":6,"denial":0.0982,"visits":32659,"new_visitors_perc":0.3993,"page_views":231811,"date":"20140330","visit_time":460,"depth":7.0979,"new_visitors":8115,"visitors":20323,"id":"20140330"},{"wday":5,"denial":0.0972,"visits":29586,"new_visitors_perc":0.3872,"page_views":213756,"date":"20140329","visit_time":471,"depth":7.2249,"new_visitors":7145,"visitors":18455,"id":"20140329"},{"wday":4,"denial":0.0952,"visits":28864,"new_visitors_perc":0.3832,"page_views":201375,"date":"20140328","visit_time":464,"depth":6.9767,"new_visitors":6890,"visitors":17978,"id":"20140328"},{"wday":3,"denial":0.0922,"visits":28677,"new_visitors_perc":0.3747,"page_views":207012,"date":"20140327","visit_time":469,"depth":7.2187,"new_visitors":6696,"visitors":17872,"id":"20140327"},{"wday":2,"denial":0.0954,"visits":27484,"new_visitors_perc":0.3758,"page_views":191696,"date":"20140326","visit_time":458,"depth":6.9748,"new_visitors":6492,"visitors":17276,"id":"20140326"},{"wday":1,"denial":0.0944,"visits":27006,"new_visitors_perc":0.3809,"page_views":186813,"date":"20140325","visit_time":459,"depth":6.9175,"new_visitors":6517,"visitors":17109,"id":"20140325"},{"wday":0,"denial":0.0952,"visits":27934,"new_visitors_perc":0.3802,"page_views":191863,"date":"20140324","visit_time":454,"depth":6.8684,"new_visitors":6682,"visitors":17575,"id":"20140324"},{"wday":6,"denial":0.0956,"visits":29180,"new_visitors_perc":0.3923,"page_views":207374,"date":"20140323","visit_time":464,"depth":7.1067,"new_visitors":7076,"visitors":18036,"id":"20140323"},{"wday":5,"denial":0.0987,"visits":26860,"new_visitors_perc":0.3847,"page_views":184402,"date":"20140322","visit_time":469,"depth":6.8653,"new_visitors":6490,"visitors":16872,"id":"20140322"},{"wday":4,"denial":0.1012,"visits":24477,"new_visitors_perc":0.369,"page_views":163659,"date":"20140321","visit_time":438,"depth":6.6862,"new_visitors":5816,"visitors":15760,"id":"20140321"},{"wday":3,"denial":0.0993,"visits":23997,"new_visitors_perc":0.3619,"page_views":158911,"date":"20140320","visit_time":439,"depth":6.6221,"new_visitors":5544,"visitors":15319,"id":"20140320"},{"wday":2,"denial":0.0981,"visits":23482,"new_visitors_perc":0.3565,"page_views":154051,"date":"20140319","visit_time":425,"depth":6.5604,"new_visitors":5368,"visitors":15057,"id":"20140319"},{"wday":1,"denial":0.1032,"visits":24181,"new_visitors_perc":0.3624,"page_views":155006,"date":"20140318","visit_time":418,"depth":6.4102,"new_visitors":5668,"visitors":15640,"id":"20140318"},{"wday":0,"denial":0.1055,"visits":24471,"new_visitors_perc":0.3651,"page_views":154430,"date":"20140317","visit_time":418,"depth":6.3107,"new_visitors":5769,"visitors":15800,"id":"20140317"},{"wday":6,"denial":0.1013,"visits":29546,"new_visitors_perc":0.3954,"page_views":201698,"date":"20140316","visit_time":451,"depth":6.8266,"new_visitors":7265,"visitors":18372,"id":"20140316"},{"wday":5,"denial":0.0986,"visits":26447,"new_visitors_perc":0.3828,"page_views":176817,"date":"20140315","visit_time":448,"depth":6.6857,"new_visitors":6416,"visitors":16759,"id":"20140315"},{"wday":4,"denial":0.1004,"visits":23503,"new_visitors_perc":0.366,"page_views":152572,"date":"20140314","visit_time":430,"depth":6.4916,"new_visitors":5535,"visitors":15124,"id":"20140314"},{"wday":3,"denial":0.0996,"visits":23272,"new_visitors_perc":0.3638,"page_views":147568,"date":"20140313","visit_time":414,"depth":6.341,"new_visitors":5486,"visitors":15079,"id":"20140313"},{"wday":2,"denial":0.0998,"visits":23241,"new_visitors_perc":0.3686,"page_views":153658,"date":"20140312","visit_time":427,"depth":6.6115,"new_visitors":5507,"visitors":14940,"id":"20140312"},{"wday":1,"denial":0.0981,"visits":23573,"new_visitors_perc":0.3686,"page_views":153625,"date":"20140311","visit_time":427,"depth":6.517,"new_visitors":5577,"visitors":15131,"id":"20140311"},{"wday":0,"denial":0.1025,"visits":27264,"new_visitors_perc":0.39,"page_views":182043,"date":"20140310","visit_time":432,"depth":6.677,"new_visitors":6704,"visitors":17188,"id":"20140310"},{"wday":6,"denial":0.1019,"visits":27587,"new_visitors_perc":0.406,"page_views":185483,"date":"20140309","visit_time":448,"depth":6.7236,"new_visitors":7076,"visitors":17427,"id":"20140309"},{"wday":5,"denial":0.106,"visits":25558,"new_visitors_perc":0.3939,"page_views":170468,"date":"20140308","visit_time":443,"depth":6.6698,"new_visitors":6352,"visitors":16126,"id":"20140308"},{"wday":4,"denial":0.0989,"visits":23364,"new_visitors_perc":0.3851,"page_views":156318,"date":"20140307","visit_time":437,"depth":6.6905,"new_visitors":5812,"visitors":15094,"id":"20140307"},{"wday":3,"denial":0.1029,"visits":22361,"new_visitors_perc":0.3853,"page_views":145341,"date":"20140306","visit_time":422,"depth":6.4998,"new_visitors":5571,"visitors":14459,"id":"20140306"},{"wday":2,"denial":0.1018,"visits":22544,"new_visitors_perc":0.418,"page_views":144345,"date":"20140305","visit_time":420,"depth":6.4028,"new_visitors":6166,"visitors":14750,"id":"20140305"},{"wday":1,"denial":0.1041,"visits":23011,"new_visitors_perc":0.4254,"page_views":148709,"date":"20140304","visit_time":420,"depth":6.4625,"new_visitors":6510,"visitors":15302,"id":"20140304"},{"wday":0,"denial":0.1036,"visits":23618,"new_visitors_perc":0.4218,"page_views":150033,"date":"20140303","visit_time":412,"depth":6.3525,"new_visitors":6612,"visitors":15676,"id":"20140303"},{"wday":6,"denial":0.1017,"visits":27630,"new_visitors_perc":0.4449,"page_views":177724,"date":"20140302","visit_time":431,"depth":6.4323,"new_visitors":7901,"visitors":17758,"id":"20140302"},{"wday":5,"denial":0.1019,"visits":25298,"new_visitors_perc":0.4437,"page_views":166487,"date":"20140301","visit_time":431,"depth":6.581,"new_visitors":7334,"visitors":16529,"id":"20140301"},{"wday":4,"denial":0.0998,"visits":23636,"new_visitors_perc":0.3835,"page_views":152211,"date":"20140228","visit_time":421,"depth":6.4398,"new_visitors":5935,"visitors":15476,"id":"20140228"},{"wday":3,"denial":0.1014,"visits":23263,"new_visitors_perc":0.354,"page_views":156936,"date":"20140227","visit_time":440,"depth":6.7462,"new_visitors":5272,"visitors":14892,"id":"20140227"},{"wday":2,"denial":0.1029,"visits":23683,"new_visitors_perc":0.3647,"page_views":156251,"date":"20140226","visit_time":417,"depth":6.5976,"new_visitors":5572,"visitors":15277,"id":"20140226"},{"wday":1,"denial":0.1071,"visits":23881,"new_visitors_perc":0.3684,"page_views":151507,"date":"20140225","visit_time":426,"depth":6.3442,"new_visitors":5632,"visitors":15289,"id":"20140225"},{"wday":0,"denial":0.1049,"visits":24460,"new_visitors_perc":0.3639,"page_views":154774,"date":"20140224","visit_time":427,"depth":6.3276,"new_visitors":5703,"visitors":15673,"id":"20140224"},{"wday":6,"denial":0.1016,"visits":28170,"new_visitors_perc":0.3737,"page_views":187039,"date":"20140223","visit_time":441,"depth":6.6397,"new_visitors":6535,"visitors":17485,"id":"20140223"},{"wday":5,"denial":0.0997,"visits":26932,"new_visitors_perc":0.3789,"page_views":181984,"date":"20140222","visit_time":450,"depth":6.7572,"new_visitors":6381,"visitors":16841,"id":"20140222"},{"wday":4,"denial":0.1033,"visits":24710,"new_visitors_perc":0.3655,"page_views":157746,"date":"20140221","visit_time":438,"depth":6.3839,"new_visitors":5724,"visitors":15662,"id":"20140221"},{"wday":3,"denial":0.1027,"visits":24148,"new_visitors_perc":0.3653,"page_views":161130,"date":"20140220","visit_time":445,"depth":6.6726,"new_visitors":5594,"visitors":15314,"id":"20140220"},{"wday":2,"denial":0.1054,"visits":23925,"new_visitors_perc":0.3644,"page_views":155014,"date":"20140219","visit_time":437,"depth":6.4792,"new_visitors":5484,"visitors":15050,"id":"20140219"},{"wday":1,"denial":0.1131,"visits":24870,"new_visitors_perc":0.362,"page_views":163990,"date":"20140218","visit_time":437,"depth":6.5939,"new_visitors":5588,"visitors":15436,"id":"20140218"},{"wday":0,"denial":0.1168,"visits":25790,"new_visitors_perc":0.3548,"page_views":160947,"date":"20140217","visit_time":418,"depth":6.2407,"new_visitors":5511,"visitors":15531,"id":"20140217"},{"wday":6,"denial":0.111,"visits":30121,"new_visitors_perc":0.3861,"page_views":197022,"date":"20140216","visit_time":435,"depth":6.541,"new_visitors":6936,"visitors":17965,"id":"20140216"},{"wday":5,"denial":0.1101,"visits":27060,"new_visitors_perc":0.3869,"page_views":176117,"date":"20140215","visit_time":441,"depth":6.5084,"new_visitors":6356,"visitors":16429,"id":"20140215"},{"wday":4,"denial":0.1112,"visits":24159,"new_visitors_perc":0.3664,"page_views":151086,"date":"20140214","visit_time":420,"depth":6.2538,"new_visitors":5442,"visitors":14852,"id":"20140214"},{"wday":3,"denial":0.1229,"visits":23097,"new_visitors_perc":0.3674,"page_views":142350,"date":"20140213","visit_time":424,"depth":6.1631,"new_visitors":5318,"visitors":14476,"id":"20140213"},{"wday":2,"denial":0.1009,"visits":23853,"new_visitors_perc":0.3594,"page_views":157079,"date":"20140212","visit_time":444,"depth":6.5853,"new_visitors":5437,"visitors":15126,"id":"20140212"},{"wday":1,"denial":0.1053,"visits":23937,"new_visitors_perc":0.3586,"page_views":153122,"date":"20140211","visit_time":431,"depth":6.3969,"new_visitors":5460,"visitors":15226,"id":"20140211"},{"wday":0,"denial":0.1059,"visits":24853,"new_visitors_perc":0.3683,"page_views":159705,"date":"20140210","visit_time":441,"depth":6.426,"new_visitors":5807,"visitors":15769,"id":"20140210"},{"wday":6,"denial":0.1027,"visits":29207,"new_visitors_perc":0.3815,"page_views":190400,"date":"20140209","visit_time":444,"depth":6.519,"new_visitors":6837,"visitors":17921,"id":"20140209"},{"wday":5,"denial":0.1008,"visits":26925,"new_visitors_perc":0.3849,"page_views":185041,"date":"20140208","visit_time":465,"depth":6.8725,"new_visitors":6470,"visitors":16811,"id":"20140208"},{"wday":4,"denial":0.1016,"visits":24107,"new_visitors_perc":0.3741,"page_views":160003,"date":"20140207","visit_time":444,"depth":6.6372,"new_visitors":5723,"visitors":15297,"id":"20140207"},{"wday":3,"denial":0.1031,"visits":24181,"new_visitors_perc":0.3653,"page_views":165237,"date":"20140206","visit_time":445,"depth":6.8333,"new_visitors":5609,"visitors":15354,"id":"20140206"},{"wday":2,"denial":0.0998,"visits":24243,"new_visitors_perc":0.3644,"page_views":159111,"date":"20140205","visit_time":448,"depth":6.5632,"new_visitors":5577,"visitors":15304,"id":"20140205"},{"wday":1,"denial":0.0991,"visits":24541,"new_visitors_perc":0.3737,"page_views":164163,"date":"20140204","visit_time":441,"depth":6.6893,"new_visitors":5826,"visitors":15592,"id":"20140204"},{"wday":0,"denial":0.1073,"visits":25360,"new_visitors_perc":0.3752,"page_views":167497,"date":"20140203","visit_time":435,"depth":6.6048,"new_visitors":6024,"visitors":16056,"id":"20140203"},{"wday":6,"denial":0.1127,"visits":29195,"new_visitors_perc":0.3944,"page_views":197940,"date":"20140202","visit_time":452,"depth":6.7799,"new_visitors":7189,"visitors":18228,"id":"20140202"},{"wday":5,"denial":0.1032,"visits":27015,"new_visitors_perc":0.3847,"page_views":186406,"date":"20140201","visit_time":461,"depth":6.9001,"new_visitors":6513,"visitors":16929,"id":"20140201"},{"wday":4,"denial":0.1005,"visits":26386,"new_visitors_perc":0.3808,"page_views":182494,"date":"20140131","visit_time":459,"depth":6.9163,"new_visitors":6354,"visitors":16686,"id":"20140131"},{"wday":3,"denial":0.101,"visits":26267,"new_visitors_perc":0.3742,"page_views":179033,"date":"20140130","visit_time":458,"depth":6.8159,"new_visitors":6194,"visitors":16554,"id":"20140130"},{"wday":2,"denial":0.1005,"visits":25705,"new_visitors_perc":0.371,"page_views":176478,"date":"20140129","visit_time":461,"depth":6.8655,"new_visitors":6005,"visitors":16184,"id":"20140129"},{"wday":1,"denial":0.1004,"visits":24935,"new_visitors_perc":0.3648,"page_views":170766,"date":"20140128","visit_time":462,"depth":6.8484,"new_visitors":5747,"visitors":15753,"id":"20140128"},{"wday":0,"denial":0.0983,"visits":24801,"new_visitors_perc":0.3603,"page_views":169612,"date":"20140127","visit_time":464,"depth":6.8389,"new_visitors":5593,"visitors":15522,"id":"20140127"},{"wday":6,"denial":0.0979,"visits":28771,"new_visitors_perc":0.3793,"page_views":196330,"date":"20140126","visit_time":464,"depth":6.8239,"new_visitors":6701,"visitors":17668,"id":"20140126"},{"wday":5,"denial":0.1013,"visits":26580,"new_visitors_perc":0.3761,"page_views":175968,"date":"20140125","visit_time":443,"depth":6.6203,"new_visitors":6240,"visitors":16592,"id":"20140125"},{"wday":4,"denial":0.0983,"visits":24326,"new_visitors_perc":0.363,"page_views":161647,"date":"20140124","visit_time":438,"depth":6.645,"new_visitors":5600,"visitors":15426,"id":"20140124"},{"wday":3,"denial":0.0982,"visits":23921,"new_visitors_perc":0.3579,"page_views":161105,"date":"20140123","visit_time":450,"depth":6.7349,"new_visitors":5386,"visitors":15050,"id":"20140123"},{"wday":2,"denial":0.099,"visits":23769,"new_visitors_perc":0.3581,"page_views":159190,"date":"20140122","visit_time":438,"depth":6.6974,"new_visitors":5371,"visitors":14998,"id":"20140122"},{"wday":1,"denial":0.1018,"visits":24055,"new_visitors_perc":0.3623,"page_views":158597,"date":"20140121","visit_time":439,"depth":6.5931,"new_visitors":5525,"visitors":15250,"id":"20140121"},{"wday":0,"denial":0.1026,"visits":24873,"new_visitors_perc":0.3602,"page_views":165818,"date":"20140120","visit_time":447,"depth":6.6666,"new_visitors":5639,"visitors":15655,"id":"20140120"},{"wday":6,"denial":0.0993,"visits":28287,"new_visitors_perc":0.3749,"page_views":191186,"date":"20140119","visit_time":458,"depth":6.7588,"new_visitors":6517,"visitors":17384,"id":"20140119"},{"wday":5,"denial":0.0964,"visits":27018,"new_visitors_perc":0.3791,"page_views":188973,"date":"20140118","visit_time":466,"depth":6.9943,"new_visitors":6367,"visitors":16794,"id":"20140118"},{"wday":4,"denial":0.099,"visits":24100,"new_visitors_perc":0.3604,"page_views":163228,"date":"20140117","visit_time":443,"depth":6.7729,"new_visitors":5483,"visitors":15214,"id":"20140117"},{"wday":3,"denial":0.0975,"visits":24133,"new_visitors_perc":0.3607,"page_views":162652,"date":"20140116","visit_time":447,"depth":6.7398,"new_visitors":5493,"visitors":15230,"id":"20140116"},{"wday":2,"denial":0.0962,"visits":23947,"new_visitors_perc":0.3563,"page_views":165070,"date":"20140115","visit_time":445,"depth":6.8931,"new_visitors":5422,"visitors":15216,"id":"20140115"},{"wday":1,"denial":0.0931,"visits":24407,"new_visitors_perc":0.3573,"page_views":167784,"date":"20140114","visit_time":447,"depth":6.8744,"new_visitors":5479,"visitors":15333,"id":"20140114"},{"wday":0,"denial":0.1013,"visits":25084,"new_visitors_perc":0.3649,"page_views":169889,"date":"20140113","visit_time":461,"depth":6.7728,"new_visitors":5785,"visitors":15852,"id":"20140113"},{"wday":6,"denial":0.0924,"visits":29484,"new_visitors_perc":0.3858,"page_views":207936,"date":"20140112","visit_time":480,"depth":7.0525,"new_visitors":7018,"visitors":18190,"id":"20140112"},{"wday":5,"denial":0.098,"visits":28924,"new_visitors_perc":0.3953,"page_views":207296,"date":"20140111","visit_time":489,"depth":7.1669,"new_visitors":7171,"visitors":18140,"id":"20140111"},{"wday":4,"denial":0.0993,"visits":29726,"new_visitors_perc":0.3886,"page_views":212162,"date":"20140110","visit_time":488,"depth":7.1373,"new_visitors":7178,"visitors":18473,"id":"20140110"},{"wday":3,"denial":0.096,"visits":28700,"new_visitors_perc":0.3828,"page_views":204514,"date":"20140109","visit_time":476,"depth":7.1259,"new_visitors":6836,"visitors":17856,"id":"20140109"},{"wday":2,"denial":0.0935,"visits":29416,"new_visitors_perc":0.3917,"page_views":211384,"date":"20140108","visit_time":484,"depth":7.186,"new_visitors":7161,"visitors":18283,"id":"20140108"},{"wday":1,"denial":0.095,"visits":28394,"new_visitors_perc":0.3901,"page_views":207314,"date":"20140107","visit_time":487,"depth":7.3013,"new_visitors":6936,"visitors":17778,"id":"20140107"},{"wday":0,"denial":0.0934,"visits":27876,"new_visitors_perc":0.4015,"page_views":198789,"date":"20140106","visit_time":480,"depth":7.1312,"new_visitors":7068,"visitors":17604,"id":"20140106"},{"wday":6,"denial":0.0924,"visits":27487,"new_visitors_perc":0.4021,"page_views":201106,"date":"20140105","visit_time":473,"depth":7.3164,"new_visitors":6993,"visitors":17391,"id":"20140105"},{"wday":5,"denial":0.0886,"visits":27419,"new_visitors_perc":0.4065,"page_views":192831,"date":"20140104","visit_time":483,"depth":7.0328,"new_visitors":7144,"visitors":17575,"id":"20140104"},{"wday":4,"denial":0.0932,"visits":27515,"new_visitors_perc":0.4203,"page_views":197874,"date":"20140103","visit_time":464,"depth":7.1915,"new_visitors":7452,"visitors":17731,"id":"20140103"},{"wday":3,"denial":0.0988,"visits":26664,"new_visitors_perc":0.4198,"page_views":190776,"date":"20140102","visit_time":474,"depth":7.1548,"new_visitors":7234,"visitors":17233,"id":"20140102"}],"rows":91,"date1":"20140102","id":"7915231","goals":[],"totals":{"denial":0.1007,"visits":2359723,"new_visitors_perc":0.8635,"page_views":15924168,"visit_time":448,"depth":6.7483,"new_visitors":565531,"visitors":654953}}'
    http_version: 
  recorded_at: Fri, 02 Jan 2015 21:00:00 GMT
- request:
    method: get
    uri: http://api-metrika.yandex.ru/stat/traffic/summary?date1=20140402&date2=20140702&group=day&id=7915231
    body:
      encoding: US-ASCII
      string: ''
    headers:
      User-Agent:
      - Faraday v0.9.1
      Accept:
      - application/x-yametrika+json
      Content-Type:
      - application/x-yametrika+json
      Authorization:
      - Bearer c751573157874acea30ba2ec46b9f6db
      Accept-Encoding:
      - gzip;q=1.0,deflate;q=0.6,identity;q=0.3
  response:
    status:
      code: 200
      message: OK
    headers:
      Server:
      - nginx
      Date:
      - Thu, 12 Mar 2015 18:27:19 GMT
      Content-Type:
      - application/x-yametrika+json
      Transfer-Encoding:
      - chunked
      Connection:
      - keep-alive
      Expires:
      - Thu, 01 Jan 1970 00:00:01 GMT
      Cache-Control:
      - no-cache
      - no-cache, no-store, max-age=0, must-revalidate
      Pragma:
      - no-cache
    body:
      encoding: UTF-8
      string: '{"date2":"20140702","min":{"denial":0.0908,"visits":25562,"new_visitors_perc":0.3478,"page_views":161605,"visit_time":389,"depth":6.0884,"new_visitors":5754,"visitors":16272},"max":{"denial":0.1141,"visits":33386,"new_visitors_perc":0.3911,"page_views":235463,"visit_time":488,"depth":7.3314,"new_visitors":7644,"visitors":20287},"data":[{"wday":2,"denial":0.0967,"visits":31396,"new_visitors_perc":0.3754,"page_views":230176,"date":"20140702","visit_time":470,"depth":7.3314,"new_visitors":7399,"visitors":19708,"id":"20140702"},{"wday":1,"denial":0.0958,"visits":30762,"new_visitors_perc":0.3819,"page_views":218531,"date":"20140701","visit_time":452,"depth":7.1039,"new_visitors":7413,"visitors":19413,"id":"20140701"},{"wday":0,"denial":0.0962,"visits":31087,"new_visitors_perc":0.3832,"page_views":220690,"date":"20140630","visit_time":462,"depth":7.0991,"new_visitors":7425,"visitors":19377,"id":"20140630"},{"wday":6,"denial":0.0952,"visits":30887,"new_visitors_perc":0.3777,"page_views":222681,"date":"20140629","visit_time":472,"depth":7.2095,"new_visitors":7176,"visitors":18997,"id":"20140629"},{"wday":5,"denial":0.093,"visits":29471,"new_visitors_perc":0.3768,"page_views":214822,"date":"20140628","visit_time":477,"depth":7.2893,"new_visitors":6892,"visitors":18291,"id":"20140628"},{"wday":4,"denial":0.0972,"visits":30502,"new_visitors_perc":0.378,"page_views":214424,"date":"20140627","visit_time":445,"depth":7.0298,"new_visitors":7261,"visitors":19208,"id":"20140627"},{"wday":3,"denial":0.0964,"visits":30751,"new_visitors_perc":0.379,"page_views":215660,"date":"20140626","visit_time":461,"depth":7.0131,"new_visitors":7302,"visitors":19267,"id":"20140626"},{"wday":2,"denial":0.0946,"visits":30600,"new_visitors_perc":0.373,"page_views":213437,"date":"20140625","visit_time":458,"depth":6.9751,"new_visitors":7143,"visitors":19152,"id":"20140625"},{"wday":1,"denial":0.0917,"visits":30874,"new_visitors_perc":0.3735,"page_views":220975,"date":"20140624","visit_time":455,"depth":7.1573,"new_visitors":7211,"visitors":19307,"id":"20140624"},{"wday":0,"denial":0.0963,"visits":31206,"new_visitors_perc":0.3779,"page_views":222516,"date":"20140623","visit_time":468,"depth":7.1306,"new_visitors":7420,"visitors":19636,"id":"20140623"},{"wday":6,"denial":0.0914,"visits":30636,"new_visitors_perc":0.3787,"page_views":211681,"date":"20140622","visit_time":471,"depth":6.9096,"new_visitors":7167,"visitors":18927,"id":"20140622"},{"wday":5,"denial":0.099,"visits":29078,"new_visitors_perc":0.3911,"page_views":205773,"date":"20140621","visit_time":458,"depth":7.0766,"new_visitors":7183,"visitors":18365,"id":"20140621"},{"wday":4,"denial":0.1141,"visits":29592,"new_visitors_perc":0.3865,"page_views":180169,"date":"20140620","visit_time":389,"depth":6.0884,"new_visitors":7382,"visitors":19099,"id":"20140620"},{"wday":3,"denial":0.0994,"visits":30196,"new_visitors_perc":0.3796,"page_views":204067,"date":"20140619","visit_time":445,"depth":6.7581,"new_visitors":7299,"visitors":19230,"id":"20140619"},{"wday":2,"denial":0.1015,"visits":30528,"new_visitors_perc":0.3805,"page_views":203841,"date":"20140618","visit_time":445,"depth":6.6772,"new_visitors":7406,"visitors":19463,"id":"20140618"},{"wday":1,"denial":0.1027,"visits":30182,"new_visitors_perc":0.3734,"page_views":206430,"date":"20140617","visit_time":451,"depth":6.8395,"new_visitors":7189,"visitors":19251,"id":"20140617"},{"wday":0,"denial":0.0998,"visits":30742,"new_visitors_perc":0.3821,"page_views":213255,"date":"20140616","visit_time":449,"depth":6.9369,"new_visitors":7434,"visitors":19458,"id":"20140616"},{"wday":6,"denial":0.1015,"visits":31921,"new_visitors_perc":0.3828,"page_views":221130,"date":"20140615","visit_time":466,"depth":6.9274,"new_visitors":7644,"visitors":19969,"id":"20140615"},{"wday":5,"denial":0.0977,"visits":30022,"new_visitors_perc":0.3893,"page_views":207997,"date":"20140614","visit_time":468,"depth":6.9282,"new_visitors":7300,"visitors":18751,"id":"20140614"},{"wday":4,"denial":0.0977,"visits":29613,"new_visitors_perc":0.3854,"page_views":199744,"date":"20140613","visit_time":455,"depth":6.7451,"new_visitors":7198,"visitors":18679,"id":"20140613"},{"wday":3,"denial":0.1022,"visits":29492,"new_visitors_perc":0.3824,"page_views":194755,"date":"20140612","visit_time":445,"depth":6.6037,"new_visitors":7124,"visitors":18628,"id":"20140612"},{"wday":2,"denial":0.1008,"visits":30250,"new_visitors_perc":0.3811,"page_views":200572,"date":"20140611","visit_time":441,"depth":6.6305,"new_visitors":7322,"visitors":19215,"id":"20140611"},{"wday":1,"denial":0.1007,"visits":30470,"new_visitors_perc":0.3797,"page_views":203923,"date":"20140610","visit_time":448,"depth":6.6926,"new_visitors":7352,"visitors":19363,"id":"20140610"},{"wday":0,"denial":0.0987,"visits":31473,"new_visitors_perc":0.3759,"page_views":209762,"date":"20140609","visit_time":466,"depth":6.6648,"new_visitors":7511,"visitors":19982,"id":"20140609"},{"wday":6,"denial":0.0994,"visits":31481,"new_visitors_perc":0.3841,"page_views":214729,"date":"20140608","visit_time":468,"depth":6.8209,"new_visitors":7526,"visitors":19595,"id":"20140608"},{"wday":5,"denial":0.098,"visits":29644,"new_visitors_perc":0.3747,"page_views":201945,"date":"20140607","visit_time":460,"depth":6.8123,"new_visitors":6924,"visitors":18481,"id":"20140607"},{"wday":4,"denial":0.0987,"visits":29220,"new_visitors_perc":0.3703,"page_views":202086,"date":"20140606","visit_time":457,"depth":6.916,"new_visitors":6893,"visitors":18614,"id":"20140606"},{"wday":3,"denial":0.0995,"visits":29677,"new_visitors_perc":0.3719,"page_views":204522,"date":"20140605","visit_time":446,"depth":6.8916,"new_visitors":6954,"visitors":18700,"id":"20140605"},{"wday":2,"denial":0.0995,"visits":29700,"new_visitors_perc":0.3653,"page_views":209925,"date":"20140604","visit_time":461,"depth":7.0682,"new_visitors":6784,"visitors":18573,"id":"20140604"},{"wday":1,"denial":0.1009,"visits":29686,"new_visitors_perc":0.3797,"page_views":205365,"date":"20140603","visit_time":458,"depth":6.9179,"new_visitors":7197,"visitors":18954,"id":"20140603"},{"wday":0,"denial":0.1025,"visits":30086,"new_visitors_perc":0.3772,"page_views":198232,"date":"20140602","visit_time":453,"depth":6.5888,"new_visitors":7182,"visitors":19038,"id":"20140602"},{"wday":6,"denial":0.1067,"visits":30564,"new_visitors_perc":0.3748,"page_views":204013,"date":"20140601","visit_time":454,"depth":6.6749,"new_visitors":7147,"visitors":19071,"id":"20140601"},{"wday":5,"denial":0.1009,"visits":29127,"new_visitors_perc":0.3755,"page_views":196335,"date":"20140531","visit_time":444,"depth":6.7407,"new_visitors":6917,"visitors":18422,"id":"20140531"},{"wday":4,"denial":0.1017,"visits":29374,"new_visitors_perc":0.3717,"page_views":188398,"date":"20140530","visit_time":437,"depth":6.4138,"new_visitors":6976,"visitors":18768,"id":"20140530"},{"wday":3,"denial":0.0955,"visits":29728,"new_visitors_perc":0.3711,"page_views":191478,"date":"20140529","visit_time":437,"depth":6.441,"new_visitors":7067,"visitors":19044,"id":"20140529"},{"wday":2,"denial":0.0971,"visits":29438,"new_visitors_perc":0.3704,"page_views":192062,"date":"20140528","visit_time":444,"depth":6.5243,"new_visitors":7019,"visitors":18948,"id":"20140528"},{"wday":1,"denial":0.0996,"visits":29413,"new_visitors_perc":0.3717,"page_views":190406,"date":"20140527","visit_time":440,"depth":6.4735,"new_visitors":6955,"visitors":18713,"id":"20140527"},{"wday":0,"denial":0.1009,"visits":30047,"new_visitors_perc":0.3711,"page_views":195906,"date":"20140526","visit_time":440,"depth":6.52,"new_visitors":7128,"visitors":19206,"id":"20140526"},{"wday":6,"denial":0.0981,"visits":31918,"new_visitors_perc":0.379,"page_views":209520,"date":"20140525","visit_time":466,"depth":6.5643,"new_visitors":7477,"visitors":19727,"id":"20140525"},{"wday":5,"denial":0.1012,"visits":28591,"new_visitors_perc":0.3831,"page_views":184194,"date":"20140524","visit_time":439,"depth":6.4424,"new_visitors":6913,"visitors":18046,"id":"20140524"},{"wday":4,"denial":0.0975,"visits":26983,"new_visitors_perc":0.3687,"page_views":174079,"date":"20140523","visit_time":426,"depth":6.4514,"new_visitors":6359,"visitors":17247,"id":"20140523"},{"wday":3,"denial":0.0978,"visits":26271,"new_visitors_perc":0.3566,"page_views":168463,"date":"20140522","visit_time":436,"depth":6.4125,"new_visitors":6001,"visitors":16828,"id":"20140522"},{"wday":2,"denial":0.1004,"visits":26629,"new_visitors_perc":0.3607,"page_views":168053,"date":"20140521","visit_time":426,"depth":6.3109,"new_visitors":6106,"visitors":16927,"id":"20140521"},{"wday":1,"denial":0.102,"visits":26839,"new_visitors_perc":0.3636,"page_views":166225,"date":"20140520","visit_time":420,"depth":6.1934,"new_visitors":6240,"visitors":17163,"id":"20140520"},{"wday":0,"denial":0.1028,"visits":27298,"new_visitors_perc":0.3635,"page_views":175781,"date":"20140519","visit_time":428,"depth":6.4393,"new_visitors":6345,"visitors":17454,"id":"20140519"},{"wday":6,"denial":0.0989,"visits":31121,"new_visitors_perc":0.3762,"page_views":204911,"date":"20140518","visit_time":445,"depth":6.5843,"new_visitors":7233,"visitors":19227,"id":"20140518"},{"wday":5,"denial":0.0929,"visits":27798,"new_visitors_perc":0.3766,"page_views":182905,"date":"20140517","visit_time":448,"depth":6.5798,"new_visitors":6633,"visitors":17614,"id":"20140517"},{"wday":4,"denial":0.0991,"visits":25631,"new_visitors_perc":0.3634,"page_views":166799,"date":"20140516","visit_time":426,"depth":6.5077,"new_visitors":6039,"visitors":16617,"id":"20140516"},{"wday":3,"denial":0.0971,"visits":25691,"new_visitors_perc":0.3507,"page_views":163282,"date":"20140515","visit_time":433,"depth":6.3556,"new_visitors":5754,"visitors":16407,"id":"20140515"},{"wday":2,"denial":0.101,"visits":25763,"new_visitors_perc":0.3537,"page_views":161605,"date":"20140514","visit_time":427,"depth":6.2728,"new_visitors":5811,"visitors":16427,"id":"20140514"},{"wday":1,"denial":0.1022,"visits":26173,"new_visitors_perc":0.3558,"page_views":166184,"date":"20140513","visit_time":428,"depth":6.3494,"new_visitors":5953,"visitors":16732,"id":"20140513"},{"wday":0,"denial":0.1009,"visits":27041,"new_visitors_perc":0.3517,"page_views":176312,"date":"20140512","visit_time":439,"depth":6.5202,"new_visitors":6040,"visitors":17173,"id":"20140512"},{"wday":6,"denial":0.0967,"visits":31680,"new_visitors_perc":0.3686,"page_views":213332,"date":"20140511","visit_time":469,"depth":6.734,"new_visitors":7175,"visitors":19464,"id":"20140511"},{"wday":5,"denial":0.0957,"visits":30155,"new_visitors_perc":0.3903,"page_views":204070,"date":"20140510","visit_time":461,"depth":6.7674,"new_visitors":7322,"visitors":18760,"id":"20140510"},{"wday":4,"denial":0.0968,"visits":26996,"new_visitors_perc":0.3734,"page_views":179684,"date":"20140509","visit_time":445,"depth":6.6559,"new_visitors":6395,"visitors":17126,"id":"20140509"},{"wday":3,"denial":0.0961,"visits":26502,"new_visitors_perc":0.3679,"page_views":178520,"date":"20140508","visit_time":448,"depth":6.7361,"new_visitors":6243,"visitors":16970,"id":"20140508"},{"wday":2,"denial":0.0989,"visits":25795,"new_visitors_perc":0.3592,"page_views":166271,"date":"20140507","visit_time":438,"depth":6.4459,"new_visitors":5925,"visitors":16497,"id":"20140507"},{"wday":1,"denial":0.1002,"visits":26603,"new_visitors_perc":0.3593,"page_views":173947,"date":"20140506","visit_time":441,"depth":6.5386,"new_visitors":6101,"visitors":16978,"id":"20140506"},{"wday":0,"denial":0.0993,"visits":27594,"new_visitors_perc":0.3583,"page_views":183657,"date":"20140505","visit_time":442,"depth":6.6557,"new_visitors":6289,"visitors":17553,"id":"20140505"},{"wday":6,"denial":0.0971,"visits":31432,"new_visitors_perc":0.3717,"page_views":213646,"date":"20140504","visit_time":470,"depth":6.7971,"new_visitors":7159,"visitors":19259,"id":"20140504"},{"wday":5,"denial":0.0961,"visits":29894,"new_visitors_perc":0.3886,"page_views":203351,"date":"20140503","visit_time":463,"depth":6.8024,"new_visitors":7228,"visitors":18602,"id":"20140503"},{"wday":4,"denial":0.0982,"visits":28204,"new_visitors_perc":0.3808,"page_views":196659,"date":"20140502","visit_time":465,"depth":6.9727,"new_visitors":6698,"visitors":17589,"id":"20140502"},{"wday":3,"denial":0.0949,"visits":27901,"new_visitors_perc":0.377,"page_views":196855,"date":"20140501","visit_time":469,"depth":7.0555,"new_visitors":6591,"visitors":17483,"id":"20140501"},{"wday":2,"denial":0.0999,"visits":26661,"new_visitors_perc":0.3648,"page_views":177642,"date":"20140430","visit_time":445,"depth":6.663,"new_visitors":6260,"visitors":17162,"id":"20140430"},{"wday":1,"denial":0.0972,"visits":26787,"new_visitors_perc":0.3576,"page_views":179658,"date":"20140429","visit_time":440,"depth":6.7069,"new_visitors":6031,"visitors":16865,"id":"20140429"},{"wday":0,"denial":0.0958,"visits":27532,"new_visitors_perc":0.3571,"page_views":184224,"date":"20140428","visit_time":444,"depth":6.6913,"new_visitors":6237,"visitors":17468,"id":"20140428"},{"wday":6,"denial":0.0919,"visits":31245,"new_visitors_perc":0.3775,"page_views":210136,"date":"20140427","visit_time":462,"depth":6.7254,"new_visitors":7200,"visitors":19075,"id":"20140427"},{"wday":5,"denial":0.0937,"visits":28895,"new_visitors_perc":0.3721,"page_views":191781,"date":"20140426","visit_time":449,"depth":6.6372,"new_visitors":6670,"visitors":17927,"id":"20140426"},{"wday":4,"denial":0.0921,"visits":26629,"new_visitors_perc":0.3608,"page_views":175169,"date":"20140425","visit_time":446,"depth":6.5781,"new_visitors":6131,"visitors":16991,"id":"20140425"},{"wday":3,"denial":0.0977,"visits":26502,"new_visitors_perc":0.3478,"page_views":174924,"date":"20140424","visit_time":444,"depth":6.6004,"new_visitors":5843,"visitors":16801,"id":"20140424"},{"wday":2,"denial":0.0962,"visits":27089,"new_visitors_perc":0.3642,"page_views":177835,"date":"20140423","visit_time":433,"depth":6.5648,"new_visitors":6318,"visitors":17347,"id":"20140423"},{"wday":1,"denial":0.1011,"visits":27092,"new_visitors_perc":0.3535,"page_views":177133,"date":"20140422","visit_time":436,"depth":6.5382,"new_visitors":6094,"visitors":17240,"id":"20140422"},{"wday":0,"denial":0.1032,"visits":28530,"new_visitors_perc":0.3677,"page_views":191713,"date":"20140421","visit_time":447,"depth":6.7197,"new_visitors":6653,"visitors":18094,"id":"20140421"},{"wday":6,"denial":0.0971,"visits":31112,"new_visitors_perc":0.3769,"page_views":209403,"date":"20140420","visit_time":464,"depth":6.7306,"new_visitors":7182,"visitors":19057,"id":"20140420"},{"wday":5,"denial":0.0972,"visits":28361,"new_visitors_perc":0.3729,"page_views":186810,"date":"20140419","visit_time":445,"depth":6.5869,"new_visitors":6581,"visitors":17647,"id":"20140419"},{"wday":4,"denial":0.1059,"visits":26581,"new_visitors_perc":0.363,"page_views":171790,"date":"20140418","visit_time":434,"depth":6.4629,"new_visitors":6215,"visitors":17123,"id":"20140418"},{"wday":3,"denial":0.0998,"visits":26334,"new_visitors_perc":0.3486,"page_views":172604,"date":"20140417","visit_time":439,"depth":6.5544,"new_visitors":5807,"visitors":16657,"id":"20140417"},{"wday":2,"denial":0.1006,"visits":26712,"new_visitors_perc":0.3521,"page_views":176860,"date":"20140416","visit_time":441,"depth":6.621,"new_visitors":5943,"visitors":16880,"id":"20140416"},{"wday":1,"denial":0.0988,"visits":27215,"new_visitors_perc":0.3532,"page_views":176926,"date":"20140415","visit_time":431,"depth":6.501,"new_visitors":6049,"visitors":17125,"id":"20140415"},{"wday":0,"denial":0.0988,"visits":28169,"new_visitors_perc":0.3563,"page_views":187329,"date":"20140414","visit_time":453,"depth":6.6502,"new_visitors":6290,"visitors":17655,"id":"20140414"},{"wday":6,"denial":0.0958,"visits":33386,"new_visitors_perc":0.3753,"page_views":230125,"date":"20140413","visit_time":488,"depth":6.8929,"new_visitors":7614,"visitors":20287,"id":"20140413"},{"wday":5,"denial":0.0968,"visits":30551,"new_visitors_perc":0.378,"page_views":219430,"date":"20140412","visit_time":488,"depth":7.1824,"new_visitors":7185,"visitors":19010,"id":"20140412"},{"wday":4,"denial":0.0981,"visits":27936,"new_visitors_perc":0.3564,"page_views":190497,"date":"20140411","visit_time":451,"depth":6.8191,"new_visitors":6279,"visitors":17616,"id":"20140411"},{"wday":3,"denial":0.094,"visits":27735,"new_visitors_perc":0.351,"page_views":193624,"date":"20140410","visit_time":462,"depth":6.9812,"new_visitors":6099,"visitors":17374,"id":"20140410"},{"wday":2,"denial":0.0975,"visits":27078,"new_visitors_perc":0.3604,"page_views":186531,"date":"20140409","visit_time":465,"depth":6.8887,"new_visitors":6174,"visitors":17130,"id":"20140409"},{"wday":1,"denial":0.0963,"visits":27144,"new_visitors_perc":0.3516,"page_views":185392,"date":"20140408","visit_time":448,"depth":6.8299,"new_visitors":6018,"visitors":17117,"id":"20140408"},{"wday":0,"denial":0.0951,"visits":27500,"new_visitors_perc":0.3519,"page_views":189190,"date":"20140407","visit_time":456,"depth":6.8796,"new_visitors":6087,"visitors":17298,"id":"20140407"},{"wday":6,"denial":0.0908,"visits":32735,"new_visitors_perc":0.3675,"page_views":235463,"date":"20140406","visit_time":486,"depth":7.193,"new_visitors":7234,"visitors":19687,"id":"20140406"},{"wday":5,"denial":0.0924,"visits":29699,"new_visitors_perc":0.3755,"page_views":214690,"date":"20140405","visit_time":476,"depth":7.2289,"new_visitors":6968,"visitors":18556,"id":"20140405"},{"wday":4,"denial":0.0953,"visits":26619,"new_visitors_perc":0.3647,"page_views":184812,"date":"20140404","visit_time":453,"depth":6.9429,"new_visitors":6201,"visitors":17004,"id":"20140404"},{"wday":3,"denial":0.098,"visits":25658,"new_visitors_perc":0.3631,"page_views":179138,"date":"20140403","visit_time":446,"depth":6.9818,"new_visitors":5908,"visitors":16272,"id":"20140403"},{"wday":2,"denial":0.0992,"visits":25562,"new_visitors_perc":0.3604,"page_views":176618,"date":"20140402","visit_time":448,"depth":6.9094,"new_visitors":5891,"visitors":16344,"id":"20140402"}],"rows":92,"date1":"20140402","id":"7915231","goals":[],"totals":{"denial":0.0982,"visits":2658468,"new_visitors_perc":0.8636,"page_views":17938165,"visit_time":451,"depth":6.7476,"new_visitors":621014,"visitors":719100}}'
    http_version: 
  recorded_at: Fri, 02 Jan 2015 21:00:00 GMT
- request:
    method: get
    uri: http://api-metrika.yandex.ru/stat/traffic/summary?date1=20140702&date2=20141002&group=day&id=7915231
    body:
      encoding: US-ASCII
      string: ''
    headers:
      User-Agent:
      - Faraday v0.9.1
      Accept:
      - application/x-yametrika+json
      Content-Type:
      - application/x-yametrika+json
      Authorization:
      - Bearer c751573157874acea30ba2ec46b9f6db
      Accept-Encoding:
      - gzip;q=1.0,deflate;q=0.6,identity;q=0.3
  response:
    status:
      code: 200
      message: OK
    headers:
      Server:
      - nginx
      Date:
      - Thu, 12 Mar 2015 18:27:20 GMT
      Content-Type:
      - application/x-yametrika+json
      Transfer-Encoding:
      - chunked
      Connection:
      - keep-alive
      Expires:
      - Thu, 01 Jan 1970 00:00:01 GMT
      Cache-Control:
      - no-cache
      - no-cache, no-store, max-age=0, must-revalidate
      Pragma:
      - no-cache
    body:
      encoding: UTF-8
      string: '{"date2":"20141002","min":{"denial":0.0895,"visits":27044,"new_visitors_perc":0.3436,"page_views":178208,"visit_time":419,"depth":6.5407,"new_visitors":5988,"visitors":17426},"max":{"denial":0.1151,"visits":38743,"new_visitors_perc":0.392,"page_views":279305,"visit_time":627,"depth":7.5191,"new_visitors":8996,"visitors":23840},"data":[{"wday":3,"denial":0.096,"visits":30677,"new_visitors_perc":0.3578,"page_views":209302,"date":"20141002","visit_time":443,"depth":6.8228,"new_visitors":7066,"visitors":19746,"id":"20141002"},{"wday":2,"denial":0.1009,"visits":30324,"new_visitors_perc":0.3552,"page_views":208114,"date":"20141001","visit_time":440,"depth":6.863,"new_visitors":6924,"visitors":19495,"id":"20141001"},{"wday":1,"denial":0.1029,"visits":31223,"new_visitors_perc":0.3636,"page_views":205699,"date":"20140930","visit_time":429,"depth":6.5881,"new_visitors":7339,"visitors":20185,"id":"20140930"},{"wday":0,"denial":0.1133,"visits":32657,"new_visitors_perc":0.3762,"page_views":225405,"date":"20140929","visit_time":445,"depth":6.9022,"new_visitors":7929,"visitors":21078,"id":"20140929"},{"wday":6,"denial":0.0927,"visits":38743,"new_visitors_perc":0.3773,"page_views":279305,"date":"20140928","visit_time":477,"depth":7.2092,"new_visitors":8996,"visitors":23840,"id":"20140928"},{"wday":5,"denial":0.0942,"visits":34910,"new_visitors_perc":0.3764,"page_views":248037,"date":"20140927","visit_time":471,"depth":7.105,"new_visitors":8247,"visitors":21908,"id":"20140927"},{"wday":4,"denial":0.0968,"visits":32022,"new_visitors_perc":0.3802,"page_views":225738,"date":"20140926","visit_time":453,"depth":7.0495,"new_visitors":7904,"visitors":20789,"id":"20140926"},{"wday":3,"denial":0.0975,"visits":30205,"new_visitors_perc":0.3594,"page_views":210921,"date":"20140925","visit_time":447,"depth":6.983,"new_visitors":6967,"visitors":19383,"id":"20140925"},{"wday":2,"denial":0.1076,"visits":30779,"new_visitors_perc":0.3635,"page_views":205877,"date":"20140924","visit_time":419,"depth":6.6889,"new_visitors":7228,"visitors":19885,"id":"20140924"},{"wday":1,"denial":0.1104,"visits":31246,"new_visitors_perc":0.369,"page_views":206976,"date":"20140923","visit_time":429,"depth":6.6241,"new_visitors":7458,"visitors":20214,"id":"20140923"},{"wday":0,"denial":0.0974,"visits":32504,"new_visitors_perc":0.3573,"page_views":221868,"date":"20140922","visit_time":456,"depth":6.8259,"new_visitors":7362,"visitors":20605,"id":"20140922"},{"wday":6,"denial":0.0947,"visits":37742,"new_visitors_perc":0.3686,"page_views":265050,"date":"20140921","visit_time":472,"depth":7.0227,"new_visitors":8515,"visitors":23103,"id":"20140921"},{"wday":5,"denial":0.096,"visits":34645,"new_visitors_perc":0.3709,"page_views":245643,"date":"20140920","visit_time":471,"depth":7.0903,"new_visitors":8003,"visitors":21576,"id":"20140920"},{"wday":4,"denial":0.1005,"visits":31226,"new_visitors_perc":0.3633,"page_views":218551,"date":"20140919","visit_time":463,"depth":6.999,"new_visitors":7269,"visitors":20007,"id":"20140919"},{"wday":3,"denial":0.1006,"visits":29958,"new_visitors_perc":0.3587,"page_views":204177,"date":"20140918","visit_time":425,"depth":6.8154,"new_visitors":6873,"visitors":19159,"id":"20140918"},{"wday":2,"denial":0.0992,"visits":29209,"new_visitors_perc":0.3516,"page_views":201829,"date":"20140917","visit_time":440,"depth":6.9098,"new_visitors":6620,"visitors":18830,"id":"20140917"},{"wday":1,"denial":0.0987,"visits":29537,"new_visitors_perc":0.3528,"page_views":211048,"date":"20140916","visit_time":487,"depth":7.1452,"new_visitors":6671,"visitors":18909,"id":"20140916"},{"wday":0,"denial":0.1007,"visits":30884,"new_visitors_perc":0.3549,"page_views":211735,"date":"20140915","visit_time":512,"depth":6.8558,"new_visitors":6983,"visitors":19674,"id":"20140915"},{"wday":6,"denial":0.0981,"visits":36841,"new_visitors_perc":0.3744,"page_views":254711,"date":"20140914","visit_time":512,"depth":6.9138,"new_visitors":8475,"visitors":22635,"id":"20140914"},{"wday":5,"denial":0.0981,"visits":33042,"new_visitors_perc":0.3671,"page_views":233074,"date":"20140913","visit_time":504,"depth":7.0539,"new_visitors":7573,"visitors":20628,"id":"20140913"},{"wday":4,"denial":0.0997,"visits":30007,"new_visitors_perc":0.3601,"page_views":202297,"date":"20140912","visit_time":506,"depth":6.7417,"new_visitors":6965,"visitors":19340,"id":"20140912"},{"wday":3,"denial":0.1008,"visits":28905,"new_visitors_perc":0.3504,"page_views":191637,"date":"20140911","visit_time":487,"depth":6.6299,"new_visitors":6476,"visitors":18483,"id":"20140911"},{"wday":2,"denial":0.1047,"visits":28716,"new_visitors_perc":0.355,"page_views":194017,"date":"20140910","visit_time":469,"depth":6.7564,"new_visitors":6574,"visitors":18518,"id":"20140910"},{"wday":1,"denial":0.1049,"visits":27969,"new_visitors_perc":0.3469,"page_views":190597,"date":"20140909","visit_time":488,"depth":6.8146,"new_visitors":6294,"visitors":18141,"id":"20140909"},{"wday":0,"denial":0.103,"visits":28862,"new_visitors_perc":0.3525,"page_views":188779,"date":"20140908","visit_time":480,"depth":6.5407,"new_visitors":6472,"visitors":18358,"id":"20140908"},{"wday":6,"denial":0.1,"visits":34557,"new_visitors_perc":0.3679,"page_views":242067,"date":"20140907","visit_time":491,"depth":7.0049,"new_visitors":7740,"visitors":21039,"id":"20140907"},{"wday":5,"denial":0.0987,"visits":32511,"new_visitors_perc":0.3704,"page_views":226462,"date":"20140906","visit_time":514,"depth":6.9657,"new_visitors":7514,"visitors":20284,"id":"20140906"},{"wday":4,"denial":0.0977,"visits":28109,"new_visitors_perc":0.3469,"page_views":192574,"date":"20140905","visit_time":499,"depth":6.851,"new_visitors":6295,"visitors":18149,"id":"20140905"},{"wday":3,"denial":0.0974,"visits":27774,"new_visitors_perc":0.3477,"page_views":185514,"date":"20140904","visit_time":477,"depth":6.6794,"new_visitors":6140,"visitors":17657,"id":"20140904"},{"wday":2,"denial":0.1028,"visits":27044,"new_visitors_perc":0.3436,"page_views":178208,"date":"20140903","visit_time":487,"depth":6.5896,"new_visitors":5988,"visitors":17426,"id":"20140903"},{"wday":1,"denial":0.0987,"visits":27737,"new_visitors_perc":0.3478,"page_views":184915,"date":"20140902","visit_time":471,"depth":6.6667,"new_visitors":6198,"visitors":17823,"id":"20140902"},{"wday":0,"denial":0.1006,"visits":29117,"new_visitors_perc":0.3451,"page_views":195805,"date":"20140901","visit_time":499,"depth":6.7248,"new_visitors":6307,"visitors":18275,"id":"20140901"},{"wday":6,"denial":0.1021,"visits":34297,"new_visitors_perc":0.3505,"page_views":235356,"date":"20140831","visit_time":516,"depth":6.8623,"new_visitors":7262,"visitors":20717,"id":"20140831"},{"wday":5,"denial":0.099,"visits":33681,"new_visitors_perc":0.362,"page_views":240148,"date":"20140830","visit_time":520,"depth":7.1301,"new_visitors":7540,"visitors":20831,"id":"20140830"},{"wday":4,"denial":0.1005,"visits":34971,"new_visitors_perc":0.3608,"page_views":241945,"date":"20140829","visit_time":502,"depth":6.9184,"new_visitors":7853,"visitors":21768,"id":"20140829"},{"wday":3,"denial":0.0997,"visits":35251,"new_visitors_perc":0.3668,"page_views":244759,"date":"20140828","visit_time":502,"depth":6.9433,"new_visitors":8015,"visitors":21854,"id":"20140828"},{"wday":2,"denial":0.0974,"visits":34567,"new_visitors_perc":0.3691,"page_views":251296,"date":"20140827","visit_time":524,"depth":7.2698,"new_visitors":8042,"visitors":21790,"id":"20140827"},{"wday":1,"denial":0.1002,"visits":34848,"new_visitors_perc":0.3651,"page_views":250022,"date":"20140826","visit_time":518,"depth":7.1746,"new_visitors":7913,"visitors":21673,"id":"20140826"},{"wday":0,"denial":0.1013,"visits":36111,"new_visitors_perc":0.3684,"page_views":251585,"date":"20140825","visit_time":511,"depth":6.967,"new_visitors":8196,"visitors":22246,"id":"20140825"},{"wday":6,"denial":0.0985,"visits":34441,"new_visitors_perc":0.368,"page_views":236981,"date":"20140824","visit_time":540,"depth":6.8808,"new_visitors":7759,"visitors":21083,"id":"20140824"},{"wday":5,"denial":0.096,"visits":32303,"new_visitors_perc":0.3607,"page_views":231957,"date":"20140823","visit_time":536,"depth":7.1807,"new_visitors":7141,"visitors":19798,"id":"20140823"},{"wday":4,"denial":0.0974,"visits":33641,"new_visitors_perc":0.3687,"page_views":237988,"date":"20140822","visit_time":539,"depth":7.0743,"new_visitors":7680,"visitors":20832,"id":"20140822"},{"wday":3,"denial":0.0955,"visits":33896,"new_visitors_perc":0.3615,"page_views":237139,"date":"20140821","visit_time":518,"depth":6.9961,"new_visitors":7551,"visitors":20888,"id":"20140821"},{"wday":2,"denial":0.099,"visits":33838,"new_visitors_perc":0.3682,"page_views":239727,"date":"20140820","visit_time":513,"depth":7.0845,"new_visitors":7704,"visitors":20924,"id":"20140820"},{"wday":1,"denial":0.0978,"visits":34813,"new_visitors_perc":0.3742,"page_views":255478,"date":"20140819","visit_time":516,"depth":7.3386,"new_visitors":8096,"visitors":21633,"id":"20140819"},{"wday":0,"denial":0.1028,"visits":34580,"new_visitors_perc":0.3621,"page_views":248573,"date":"20140818","visit_time":532,"depth":7.1883,"new_visitors":7769,"visitors":21453,"id":"20140818"},{"wday":6,"denial":0.1006,"visits":34606,"new_visitors_perc":0.3752,"page_views":239873,"date":"20140817","visit_time":536,"depth":6.9315,"new_visitors":7932,"visitors":21142,"id":"20140817"},{"wday":5,"denial":0.0985,"visits":32064,"new_visitors_perc":0.3655,"page_views":225274,"date":"20140816","visit_time":515,"depth":7.0258,"new_visitors":7187,"visitors":19666,"id":"20140816"},{"wday":4,"denial":0.0994,"visits":33310,"new_visitors_perc":0.3656,"page_views":240331,"date":"20140815","visit_time":512,"depth":7.215,"new_visitors":7541,"visitors":20627,"id":"20140815"},{"wday":3,"denial":0.0941,"visits":33687,"new_visitors_perc":0.3691,"page_views":243176,"date":"20140814","visit_time":526,"depth":7.2187,"new_visitors":7701,"visitors":20865,"id":"20140814"},{"wday":2,"denial":0.1035,"visits":33257,"new_visitors_perc":0.3726,"page_views":235697,"date":"20140813","visit_time":515,"depth":7.0871,"new_visitors":7739,"visitors":20769,"id":"20140813"},{"wday":1,"denial":0.1028,"visits":33836,"new_visitors_perc":0.3808,"page_views":242529,"date":"20140812","visit_time":514,"depth":7.1678,"new_visitors":8080,"visitors":21218,"id":"20140812"},{"wday":0,"denial":0.1007,"visits":35011,"new_visitors_perc":0.3695,"page_views":250833,"date":"20140811","visit_time":594,"depth":7.1644,"new_visitors":7895,"visitors":21365,"id":"20140811"},{"wday":6,"denial":0.0991,"visits":33751,"new_visitors_perc":0.37,"page_views":238807,"date":"20140810","visit_time":564,"depth":7.0756,"new_visitors":7537,"visitors":20370,"id":"20140810"},{"wday":5,"denial":0.0964,"visits":32385,"new_visitors_perc":0.3623,"page_views":231745,"date":"20140809","visit_time":531,"depth":7.1559,"new_visitors":7105,"visitors":19610,"id":"20140809"},{"wday":4,"denial":0.0977,"visits":33223,"new_visitors_perc":0.3656,"page_views":239623,"date":"20140808","visit_time":548,"depth":7.2126,"new_visitors":7423,"visitors":20301,"id":"20140808"},{"wday":3,"denial":0.0973,"visits":34140,"new_visitors_perc":0.3693,"page_views":245073,"date":"20140807","visit_time":535,"depth":7.1785,"new_visitors":7729,"visitors":20926,"id":"20140807"},{"wday":2,"denial":0.1016,"visits":34147,"new_visitors_perc":0.3724,"page_views":249754,"date":"20140806","visit_time":518,"depth":7.3141,"new_visitors":7811,"visitors":20977,"id":"20140806"},{"wday":1,"denial":0.0967,"visits":34191,"new_visitors_perc":0.3767,"page_views":247340,"date":"20140805","visit_time":516,"depth":7.2341,"new_visitors":7963,"visitors":21141,"id":"20140805"},{"wday":0,"denial":0.1005,"visits":34424,"new_visitors_perc":0.3704,"page_views":250354,"date":"20140804","visit_time":536,"depth":7.2727,"new_visitors":7869,"visitors":21246,"id":"20140804"},{"wday":6,"denial":0.0974,"visits":33890,"new_visitors_perc":0.3793,"page_views":244655,"date":"20140803","visit_time":546,"depth":7.2191,"new_visitors":7833,"visitors":20652,"id":"20140803"},{"wday":5,"denial":0.0978,"visits":32154,"new_visitors_perc":0.381,"page_views":225353,"date":"20140802","visit_time":530,"depth":7.0086,"new_visitors":7511,"visitors":19716,"id":"20140802"},{"wday":4,"denial":0.097,"visits":32919,"new_visitors_perc":0.3748,"page_views":231305,"date":"20140801","visit_time":513,"depth":7.0265,"new_visitors":7589,"visitors":20247,"id":"20140801"},{"wday":3,"denial":0.1001,"visits":34089,"new_visitors_perc":0.3794,"page_views":242485,"date":"20140731","visit_time":546,"depth":7.1133,"new_visitors":7950,"visitors":20953,"id":"20140731"},{"wday":2,"denial":0.1008,"visits":33368,"new_visitors_perc":0.3698,"page_views":236117,"date":"20140730","visit_time":535,"depth":7.0762,"new_visitors":7659,"visitors":20713,"id":"20140730"},{"wday":1,"denial":0.1001,"visits":33870,"new_visitors_perc":0.3785,"page_views":242042,"date":"20140729","visit_time":574,"depth":7.1462,"new_visitors":7946,"visitors":20993,"id":"20140729"},{"wday":0,"denial":0.1027,"visits":34436,"new_visitors_perc":0.3866,"page_views":245268,"date":"20140728","visit_time":588,"depth":7.1224,"new_visitors":8193,"visitors":21192,"id":"20140728"},{"wday":6,"denial":0.1034,"visits":35855,"new_visitors_perc":0.392,"page_views":258041,"date":"20140727","visit_time":627,"depth":7.1968,"new_visitors":8553,"visitors":21821,"id":"20140727"},{"wday":5,"denial":0.096,"visits":31323,"new_visitors_perc":0.3788,"page_views":226362,"date":"20140726","visit_time":589,"depth":7.2267,"new_visitors":7314,"visitors":19306,"id":"20140726"},{"wday":4,"denial":0.0957,"visits":32595,"new_visitors_perc":0.3744,"page_views":239319,"date":"20140725","visit_time":606,"depth":7.3422,"new_visitors":7549,"visitors":20161,"id":"20140725"},{"wday":3,"denial":0.0975,"visits":33221,"new_visitors_perc":0.3785,"page_views":246465,"date":"20140724","visit_time":546,"depth":7.419,"new_visitors":7748,"visitors":20468,"id":"20140724"},{"wday":2,"denial":0.0897,"visits":33297,"new_visitors_perc":0.372,"page_views":227746,"date":"20140723","visit_time":449,"depth":6.8398,"new_visitors":7496,"visitors":20152,"id":"20140723"},{"wday":1,"denial":0.0962,"visits":32564,"new_visitors_perc":0.3749,"page_views":229961,"date":"20140722","visit_time":463,"depth":7.0618,"new_visitors":7525,"visitors":20072,"id":"20140722"},{"wday":0,"denial":0.0954,"visits":33942,"new_visitors_perc":0.3795,"page_views":243831,"date":"20140721","visit_time":471,"depth":7.1838,"new_visitors":7842,"visitors":20662,"id":"20140721"},{"wday":6,"denial":0.0954,"visits":32667,"new_visitors_perc":0.3913,"page_views":227973,"date":"20140720","visit_time":477,"depth":6.9787,"new_visitors":7788,"visitors":19901,"id":"20140720"},{"wday":5,"denial":0.0918,"visits":30928,"new_visitors_perc":0.3791,"page_views":216748,"date":"20140719","visit_time":482,"depth":7.0081,"new_visitors":7145,"visitors":18847,"id":"20140719"},{"wday":4,"denial":0.0952,"visits":32268,"new_visitors_perc":0.3762,"page_views":229235,"date":"20140718","visit_time":466,"depth":7.1041,"new_visitors":7435,"visitors":19761,"id":"20140718"},{"wday":3,"denial":0.0929,"visits":33085,"new_visitors_perc":0.3797,"page_views":236835,"date":"20140717","visit_time":474,"depth":7.1584,"new_visitors":7624,"visitors":20081,"id":"20140717"},{"wday":2,"denial":0.0966,"visits":32697,"new_visitors_perc":0.381,"page_views":229446,"date":"20140716","visit_time":458,"depth":7.0173,"new_visitors":7682,"visitors":20161,"id":"20140716"},{"wday":1,"denial":0.1151,"visits":32316,"new_visitors_perc":0.3802,"page_views":229658,"date":"20140715","visit_time":435,"depth":7.1066,"new_visitors":7702,"visitors":20260,"id":"20140715"},{"wday":0,"denial":0.1107,"visits":33486,"new_visitors_perc":0.3748,"page_views":232210,"date":"20140714","visit_time":453,"depth":6.9345,"new_visitors":7738,"visitors":20643,"id":"20140714"},{"wday":6,"denial":0.0936,"visits":33061,"new_visitors_perc":0.3702,"page_views":234808,"date":"20140713","visit_time":489,"depth":7.1023,"new_visitors":7425,"visitors":20058,"id":"20140713"},{"wday":5,"denial":0.0895,"visits":31767,"new_visitors_perc":0.3714,"page_views":237180,"date":"20140712","visit_time":493,"depth":7.4662,"new_visitors":7178,"visitors":19328,"id":"20140712"},{"wday":4,"denial":0.0915,"visits":32214,"new_visitors_perc":0.3769,"page_views":240650,"date":"20140711","visit_time":494,"depth":7.4704,"new_visitors":7427,"visitors":19706,"id":"20140711"},{"wday":3,"denial":0.0901,"visits":32403,"new_visitors_perc":0.3696,"page_views":243641,"date":"20140710","visit_time":494,"depth":7.5191,"new_visitors":7354,"visitors":19899,"id":"20140710"},{"wday":2,"denial":0.0978,"visits":32538,"new_visitors_perc":0.3862,"page_views":235590,"date":"20140709","visit_time":461,"depth":7.2405,"new_visitors":7762,"visitors":20098,"id":"20140709"},{"wday":1,"denial":0.0957,"visits":32224,"new_visitors_perc":0.3794,"page_views":235333,"date":"20140708","visit_time":479,"depth":7.303,"new_visitors":7595,"visitors":20017,"id":"20140708"},{"wday":0,"denial":0.1098,"visits":33890,"new_visitors_perc":0.3771,"page_views":252021,"date":"20140707","visit_time":452,"depth":7.4364,"new_visitors":7972,"visitors":21140,"id":"20140707"},{"wday":6,"denial":0.1019,"visits":33050,"new_visitors_perc":0.3856,"page_views":241162,"date":"20140706","visit_time":476,"depth":7.2969,"new_visitors":7846,"visitors":20346,"id":"20140706"},{"wday":5,"denial":0.0944,"visits":30710,"new_visitors_perc":0.3854,"page_views":223146,"date":"20140705","visit_time":478,"depth":7.2662,"new_visitors":7338,"visitors":19041,"id":"20140705"},{"wday":4,"denial":0.0982,"visits":31232,"new_visitors_perc":0.3832,"page_views":231531,"date":"20140704","visit_time":475,"depth":7.4133,"new_visitors":7543,"visitors":19682,"id":"20140704"},{"wday":3,"denial":0.0926,"visits":30503,"new_visitors_perc":0.3721,"page_views":218993,"date":"20140703","visit_time":455,"depth":7.1794,"new_visitors":7125,"visitors":19147,"id":"20140703"},{"wday":2,"denial":0.0967,"visits":31396,"new_visitors_perc":0.3754,"page_views":230176,"date":"20140702","visit_time":470,"depth":7.3314,"new_visitors":7399,"visitors":19708,"id":"20140702"}],"rows":93,"date1":"20140702","id":"7915231","goals":[],"totals":{"denial":0.0989,"visits":3032910,"new_visitors_perc":0.8586,"page_views":21414581,"visit_time":500,"depth":7.0607,"new_visitors":697184,"visitors":811961}}'
    http_version: 
  recorded_at: Fri, 02 Jan 2015 21:00:00 GMT
- request:
    method: get
    uri: http://api-metrika.yandex.ru/stat/traffic/summary?date1=20141002&date2=20150102&group=day&id=7915231
    body:
      encoding: US-ASCII
      string: ''
    headers:
      User-Agent:
      - Faraday v0.9.1
      Accept:
      - application/x-yametrika+json
      Content-Type:
      - application/x-yametrika+json
      Authorization:
      - Bearer c751573157874acea30ba2ec46b9f6db
      Accept-Encoding:
      - gzip;q=1.0,deflate;q=0.6,identity;q=0.3
  response:
    status:
      code: 200
      message: OK
    headers:
      Server:
      - nginx
      Date:
      - Thu, 12 Mar 2015 18:27:20 GMT
      Content-Type:
      - application/x-yametrika+json
      Transfer-Encoding:
      - chunked
      Connection:
      - keep-alive
      Expires:
      - Thu, 01 Jan 1970 00:00:01 GMT
      Cache-Control:
      - no-cache
      - no-cache, no-store, max-age=0, must-revalidate
      Pragma:
      - no-cache
    body:
      encoding: UTF-8
      string: '{"date2":"20150102","min":{"denial":0.0934,"visits":30677,"new_visitors_perc":0.3495,"page_views":209302,"visit_time":404,"depth":6.2448,"new_visitors":7066,"visitors":19746},"max":{"denial":0.1218,"visits":46925,"new_visitors_perc":0.4545,"page_views":340767,"visit_time":487,"depth":7.3431,"new_visitors":12750,"visitors":30484},"data":[{"wday":4,"denial":0.1025,"visits":46925,"new_visitors_perc":0.4183,"page_views":340767,"date":"20150102","visit_time":462,"depth":7.2619,"new_visitors":12750,"visitors":30484,"id":"20150102"},{"wday":3,"denial":0.0978,"visits":40610,"new_visitors_perc":0.4043,"page_views":290909,"date":"20150101","visit_time":457,"depth":7.1635,"new_visitors":10597,"visitors":26213,"id":"20150101"},{"wday":2,"denial":0.1041,"visits":32304,"new_visitors_perc":0.3534,"page_views":209985,"date":"20141231","visit_time":404,"depth":6.5003,"new_visitors":7173,"visitors":20299,"id":"20141231"},{"wday":1,"denial":0.1042,"visits":40099,"new_visitors_perc":0.3831,"page_views":273818,"date":"20141230","visit_time":433,"depth":6.8285,"new_visitors":9956,"visitors":25986,"id":"20141230"},{"wday":0,"denial":0.1028,"visits":42193,"new_visitors_perc":0.3891,"page_views":296164,"date":"20141229","visit_time":441,"depth":7.0193,"new_visitors":10627,"visitors":27310,"id":"20141229"},{"wday":6,"denial":0.0986,"visits":43145,"new_visitors_perc":0.3927,"page_views":302532,"date":"20141228","visit_time":451,"depth":7.012,"new_visitors":10776,"visitors":27438,"id":"20141228"},{"wday":5,"denial":0.1019,"visits":40092,"new_visitors_perc":0.3844,"page_views":278252,"date":"20141227","visit_time":440,"depth":6.9403,"new_visitors":9892,"visitors":25734,"id":"20141227"},{"wday":4,"denial":0.1021,"visits":37171,"new_visitors_perc":0.378,"page_views":252354,"date":"20141226","visit_time":430,"depth":6.789,"new_visitors":9221,"visitors":24396,"id":"20141226"},{"wday":3,"denial":0.1015,"visits":36488,"new_visitors_perc":0.3685,"page_views":248436,"date":"20141225","visit_time":440,"depth":6.8087,"new_visitors":8767,"visitors":23794,"id":"20141225"},{"wday":2,"denial":0.1005,"visits":35706,"new_visitors_perc":0.3703,"page_views":237157,"date":"20141224","visit_time":424,"depth":6.6419,"new_visitors":8628,"visitors":23301,"id":"20141224"},{"wday":1,"denial":0.1001,"visits":36467,"new_visitors_perc":0.3714,"page_views":244937,"date":"20141223","visit_time":424,"depth":6.7167,"new_visitors":8827,"visitors":23764,"id":"20141223"},{"wday":0,"denial":0.1018,"visits":36999,"new_visitors_perc":0.3777,"page_views":250460,"date":"20141222","visit_time":439,"depth":6.7694,"new_visitors":9073,"visitors":24021,"id":"20141222"},{"wday":6,"denial":0.0952,"visits":43194,"new_visitors_perc":0.3867,"page_views":303847,"date":"20141221","visit_time":450,"depth":7.0345,"new_visitors":10513,"visitors":27185,"id":"20141221"},{"wday":5,"denial":0.0983,"visits":39994,"new_visitors_perc":0.3833,"page_views":287152,"date":"20141220","visit_time":455,"depth":7.1799,"new_visitors":9843,"visitors":25681,"id":"20141220"},{"wday":4,"denial":0.1007,"visits":35840,"new_visitors_perc":0.3748,"page_views":238385,"date":"20141219","visit_time":425,"depth":6.6514,"new_visitors":8777,"visitors":23415,"id":"20141219"},{"wday":3,"denial":0.0995,"visits":34666,"new_visitors_perc":0.3686,"page_views":231922,"date":"20141218","visit_time":427,"depth":6.6902,"new_visitors":8332,"visitors":22607,"id":"20141218"},{"wday":2,"denial":0.104,"visits":35013,"new_visitors_perc":0.3668,"page_views":233362,"date":"20141217","visit_time":431,"depth":6.665,"new_visitors":8369,"visitors":22814,"id":"20141217"},{"wday":1,"denial":0.1034,"visits":35468,"new_visitors_perc":0.3684,"page_views":238556,"date":"20141216","visit_time":428,"depth":6.726,"new_visitors":8539,"visitors":23179,"id":"20141216"},{"wday":0,"denial":0.0991,"visits":36652,"new_visitors_perc":0.366,"page_views":251596,"date":"20141215","visit_time":448,"depth":6.8645,"new_visitors":8681,"visitors":23718,"id":"20141215"},{"wday":6,"denial":0.0976,"visits":42894,"new_visitors_perc":0.3832,"page_views":299029,"date":"20141214","visit_time":455,"depth":6.9713,"new_visitors":10323,"visitors":26937,"id":"20141214"},{"wday":5,"denial":0.1017,"visits":40035,"new_visitors_perc":0.3862,"page_views":281151,"date":"20141213","visit_time":460,"depth":7.0226,"new_visitors":9913,"visitors":25668,"id":"20141213"},{"wday":4,"denial":0.0948,"visits":35605,"new_visitors_perc":0.3686,"page_views":246756,"date":"20141212","visit_time":449,"depth":6.9304,"new_visitors":8556,"visitors":23212,"id":"20141212"},{"wday":3,"denial":0.1008,"visits":34676,"new_visitors_perc":0.3598,"page_views":238571,"date":"20141211","visit_time":444,"depth":6.88,"new_visitors":8113,"visitors":22548,"id":"20141211"},{"wday":2,"denial":0.1021,"visits":34899,"new_visitors_perc":0.3579,"page_views":243993,"date":"20141210","visit_time":451,"depth":6.9914,"new_visitors":8106,"visitors":22648,"id":"20141210"},{"wday":1,"denial":0.0999,"visits":35144,"new_visitors_perc":0.3601,"page_views":237869,"date":"20141209","visit_time":436,"depth":6.7684,"new_visitors":8203,"visitors":22781,"id":"20141209"},{"wday":0,"denial":0.0975,"visits":36265,"new_visitors_perc":0.3608,"page_views":254596,"date":"20141208","visit_time":458,"depth":7.0204,"new_visitors":8438,"visitors":23388,"id":"20141208"},{"wday":6,"denial":0.0997,"visits":42591,"new_visitors_perc":0.3774,"page_views":294824,"date":"20141207","visit_time":451,"depth":6.9222,"new_visitors":10121,"visitors":26819,"id":"20141207"},{"wday":5,"denial":0.095,"visits":39433,"new_visitors_perc":0.3796,"page_views":273853,"date":"20141206","visit_time":455,"depth":6.9448,"new_visitors":9543,"visitors":25141,"id":"20141206"},{"wday":4,"denial":0.1008,"visits":35391,"new_visitors_perc":0.3702,"page_views":238496,"date":"20141205","visit_time":435,"depth":6.7389,"new_visitors":8585,"visitors":23192,"id":"20141205"},{"wday":3,"denial":0.0997,"visits":34477,"new_visitors_perc":0.365,"page_views":231052,"date":"20141204","visit_time":428,"depth":6.7016,"new_visitors":8215,"visitors":22505,"id":"20141204"},{"wday":2,"denial":0.1045,"visits":34826,"new_visitors_perc":0.3725,"page_views":233785,"date":"20141203","visit_time":429,"depth":6.7129,"new_visitors":8513,"visitors":22855,"id":"20141203"},{"wday":1,"denial":0.1018,"visits":34723,"new_visitors_perc":0.3694,"page_views":230105,"date":"20141202","visit_time":428,"depth":6.6269,"new_visitors":8369,"visitors":22657,"id":"20141202"},{"wday":0,"denial":0.1001,"visits":35143,"new_visitors_perc":0.3613,"page_views":235585,"date":"20141201","visit_time":435,"depth":6.7036,"new_visitors":8250,"visitors":22836,"id":"20141201"},{"wday":6,"denial":0.1001,"visits":42968,"new_visitors_perc":0.3841,"page_views":290392,"date":"20141130","visit_time":455,"depth":6.7583,"new_visitors":10414,"visitors":27112,"id":"20141130"},{"wday":5,"denial":0.0997,"visits":39801,"new_visitors_perc":0.3904,"page_views":269403,"date":"20141129","visit_time":447,"depth":6.7687,"new_visitors":9991,"visitors":25590,"id":"20141129"},{"wday":4,"denial":0.0978,"visits":35477,"new_visitors_perc":0.3723,"page_views":241176,"date":"20141128","visit_time":440,"depth":6.7981,"new_visitors":8591,"visitors":23077,"id":"20141128"},{"wday":3,"denial":0.1006,"visits":34311,"new_visitors_perc":0.3661,"page_views":230973,"date":"20141127","visit_time":427,"depth":6.7317,"new_visitors":8159,"visitors":22284,"id":"20141127"},{"wday":2,"denial":0.0985,"visits":34434,"new_visitors_perc":0.3603,"page_views":228949,"date":"20141126","visit_time":434,"depth":6.6489,"new_visitors":8057,"visitors":22365,"id":"20141126"},{"wday":1,"denial":0.1027,"visits":34916,"new_visitors_perc":0.3657,"page_views":228733,"date":"20141125","visit_time":430,"depth":6.551,"new_visitors":8280,"visitors":22644,"id":"20141125"},{"wday":0,"denial":0.0993,"visits":35737,"new_visitors_perc":0.3677,"page_views":239108,"date":"20141124","visit_time":438,"depth":6.6908,"new_visitors":8500,"visitors":23119,"id":"20141124"},{"wday":6,"denial":0.0982,"visits":42902,"new_visitors_perc":0.3832,"page_views":288687,"date":"20141123","visit_time":448,"depth":6.729,"new_visitors":10301,"visitors":26885,"id":"20141123"},{"wday":5,"denial":0.0972,"visits":38474,"new_visitors_perc":0.3803,"page_views":259866,"date":"20141122","visit_time":447,"depth":6.7543,"new_visitors":9342,"visitors":24568,"id":"20141122"},{"wday":4,"denial":0.1031,"visits":34898,"new_visitors_perc":0.3687,"page_views":230929,"date":"20141121","visit_time":431,"depth":6.6173,"new_visitors":8430,"visitors":22866,"id":"20141121"},{"wday":3,"denial":0.0944,"visits":34363,"new_visitors_perc":0.362,"page_views":229520,"date":"20141120","visit_time":435,"depth":6.6793,"new_visitors":8041,"visitors":22213,"id":"20141120"},{"wday":2,"denial":0.1025,"visits":33856,"new_visitors_perc":0.3565,"page_views":215760,"date":"20141119","visit_time":419,"depth":6.3729,"new_visitors":7770,"visitors":21795,"id":"20141119"},{"wday":1,"denial":0.1008,"visits":34363,"new_visitors_perc":0.3594,"page_views":218356,"date":"20141118","visit_time":423,"depth":6.3544,"new_visitors":7997,"visitors":22253,"id":"20141118"},{"wday":0,"denial":0.1015,"visits":34742,"new_visitors_perc":0.3608,"page_views":225206,"date":"20141117","visit_time":434,"depth":6.4822,"new_visitors":8038,"visitors":22278,"id":"20141117"},{"wday":6,"denial":0.0988,"visits":41038,"new_visitors_perc":0.3811,"page_views":271378,"date":"20141116","visit_time":447,"depth":6.6128,"new_visitors":9811,"visitors":25743,"id":"20141116"},{"wday":5,"denial":0.0976,"visits":37824,"new_visitors_perc":0.382,"page_views":252177,"date":"20141115","visit_time":451,"depth":6.6671,"new_visitors":9183,"visitors":24037,"id":"20141115"},{"wday":4,"denial":0.0997,"visits":34118,"new_visitors_perc":0.3733,"page_views":233506,"date":"20141114","visit_time":443,"depth":6.8441,"new_visitors":8274,"visitors":22166,"id":"20141114"},{"wday":3,"denial":0.0998,"visits":32849,"new_visitors_perc":0.3571,"page_views":217731,"date":"20141113","visit_time":435,"depth":6.6282,"new_visitors":7539,"visitors":21111,"id":"20141113"},{"wday":2,"denial":0.1018,"visits":33413,"new_visitors_perc":0.3613,"page_views":220527,"date":"20141112","visit_time":438,"depth":6.6,"new_visitors":7777,"visitors":21523,"id":"20141112"},{"wday":1,"denial":0.105,"visits":34167,"new_visitors_perc":0.3635,"page_views":225041,"date":"20141111","visit_time":430,"depth":6.5865,"new_visitors":8052,"visitors":22150,"id":"20141111"},{"wday":0,"denial":0.1104,"visits":35227,"new_visitors_perc":0.3695,"page_views":231740,"date":"20141110","visit_time":427,"depth":6.5785,"new_visitors":8420,"visitors":22788,"id":"20141110"},{"wday":6,"denial":0.0981,"visits":42346,"new_visitors_perc":0.3836,"page_views":294166,"date":"20141109","visit_time":457,"depth":6.9467,"new_visitors":10063,"visitors":26234,"id":"20141109"},{"wday":5,"denial":0.0971,"visits":40009,"new_visitors_perc":0.3831,"page_views":279572,"date":"20141108","visit_time":461,"depth":6.9877,"new_visitors":9622,"visitors":25118,"id":"20141108"},{"wday":4,"denial":0.1008,"visits":38419,"new_visitors_perc":0.3829,"page_views":266727,"date":"20141107","visit_time":453,"depth":6.9426,"new_visitors":9361,"visitors":24447,"id":"20141107"},{"wday":3,"denial":0.1218,"visits":41324,"new_visitors_perc":0.4545,"page_views":258061,"date":"20141106","visit_time":416,"depth":6.2448,"new_visitors":12559,"visitors":27634,"id":"20141106"},{"wday":2,"denial":0.0994,"visits":37342,"new_visitors_perc":0.3751,"page_views":247234,"date":"20141105","visit_time":441,"depth":6.6208,"new_visitors":8942,"visitors":23840,"id":"20141105"},{"wday":1,"denial":0.0974,"visits":40483,"new_visitors_perc":0.3825,"page_views":280038,"date":"20141104","visit_time":455,"depth":6.9174,"new_visitors":9629,"visitors":25176,"id":"20141104"},{"wday":0,"denial":0.1026,"visits":40140,"new_visitors_perc":0.3923,"page_views":271438,"date":"20141103","visit_time":443,"depth":6.7623,"new_visitors":9948,"visitors":25361,"id":"20141103"},{"wday":6,"denial":0.1021,"visits":41079,"new_visitors_perc":0.3952,"page_views":273564,"date":"20141102","visit_time":443,"depth":6.6595,"new_visitors":10117,"visitors":25600,"id":"20141102"},{"wday":5,"denial":0.1061,"visits":37981,"new_visitors_perc":0.3998,"page_views":259730,"date":"20141101","visit_time":449,"depth":6.8384,"new_visitors":9718,"visitors":24308,"id":"20141101"},{"wday":4,"denial":0.101,"visits":34898,"new_visitors_perc":0.3752,"page_views":224476,"date":"20141031","visit_time":433,"depth":6.4323,"new_visitors":8460,"visitors":22546,"id":"20141031"},{"wday":3,"denial":0.1008,"visits":34161,"new_visitors_perc":0.3687,"page_views":227307,"date":"20141030","visit_time":435,"depth":6.654,"new_visitors":8081,"visitors":21919,"id":"20141030"},{"wday":2,"denial":0.0994,"visits":34295,"new_visitors_perc":0.3655,"page_views":230988,"date":"20141029","visit_time":431,"depth":6.7353,"new_visitors":7955,"visitors":21764,"id":"20141029"},{"wday":1,"denial":0.1072,"visits":34795,"new_visitors_perc":0.3785,"page_views":223162,"date":"20141028","visit_time":423,"depth":6.4136,"new_visitors":8528,"visitors":22530,"id":"20141028"},{"wday":0,"denial":0.101,"visits":35699,"new_visitors_perc":0.3682,"page_views":236744,"date":"20141027","visit_time":447,"depth":6.6317,"new_visitors":8360,"visitors":22705,"id":"20141027"},{"wday":6,"denial":0.1009,"visits":43279,"new_visitors_perc":0.3894,"page_views":294780,"date":"20141026","visit_time":453,"depth":6.8112,"new_visitors":10215,"visitors":26233,"id":"20141026"},{"wday":5,"denial":0.0958,"visits":37116,"new_visitors_perc":0.3813,"page_views":250979,"date":"20141025","visit_time":456,"depth":6.762,"new_visitors":8928,"visitors":23412,"id":"20141025"},{"wday":4,"denial":0.0998,"visits":33217,"new_visitors_perc":0.3664,"page_views":223280,"date":"20141024","visit_time":442,"depth":6.7219,"new_visitors":7831,"visitors":21374,"id":"20141024"},{"wday":3,"denial":0.1009,"visits":33136,"new_visitors_perc":0.3673,"page_views":220178,"date":"20141023","visit_time":438,"depth":6.6447,"new_visitors":7846,"visitors":21362,"id":"20141023"},{"wday":2,"denial":0.098,"visits":33278,"new_visitors_perc":0.3674,"page_views":221034,"date":"20141022","visit_time":443,"depth":6.642,"new_visitors":7887,"visitors":21467,"id":"20141022"},{"wday":1,"denial":0.1018,"visits":34277,"new_visitors_perc":0.3743,"page_views":225600,"date":"20141021","visit_time":431,"depth":6.5817,"new_visitors":8282,"visitors":22125,"id":"20141021"},{"wday":0,"denial":0.102,"visits":35288,"new_visitors_perc":0.3721,"page_views":231629,"date":"20141020","visit_time":443,"depth":6.564,"new_visitors":8446,"visitors":22698,"id":"20141020"},{"wday":6,"denial":0.0951,"visits":42239,"new_visitors_perc":0.3839,"page_views":287219,"date":"20141019","visit_time":456,"depth":6.7999,"new_visitors":10047,"visitors":26169,"id":"20141019"},{"wday":5,"denial":0.0993,"visits":39484,"new_visitors_perc":0.3878,"page_views":274159,"date":"20141018","visit_time":463,"depth":6.9435,"new_visitors":9628,"visitors":24825,"id":"20141018"},{"wday":4,"denial":0.0984,"visits":34521,"new_visitors_perc":0.3629,"page_views":235524,"date":"20141017","visit_time":450,"depth":6.8226,"new_visitors":8025,"visitors":22115,"id":"20141017"},{"wday":3,"denial":0.0937,"visits":33531,"new_visitors_perc":0.3495,"page_views":233752,"date":"20141016","visit_time":455,"depth":6.9712,"new_visitors":7418,"visitors":21223,"id":"20141016"},{"wday":2,"denial":0.1008,"visits":33034,"new_visitors_perc":0.3544,"page_views":226091,"date":"20141015","visit_time":437,"depth":6.8442,"new_visitors":7516,"visitors":21210,"id":"20141015"},{"wday":1,"denial":0.0967,"visits":33206,"new_visitors_perc":0.3532,"page_views":228607,"date":"20141014","visit_time":450,"depth":6.8845,"new_visitors":7477,"visitors":21169,"id":"20141014"},{"wday":0,"denial":0.0994,"visits":34707,"new_visitors_perc":0.3561,"page_views":229993,"date":"20141013","visit_time":442,"depth":6.6267,"new_visitors":7797,"visitors":21893,"id":"20141013"},{"wday":6,"denial":0.0968,"visits":42410,"new_visitors_perc":0.3745,"page_views":301106,"date":"20141012","visit_time":471,"depth":7.0999,"new_visitors":9637,"visitors":25730,"id":"20141012"},{"wday":5,"denial":0.0945,"visits":38297,"new_visitors_perc":0.3748,"page_views":270206,"date":"20141011","visit_time":474,"depth":7.0555,"new_visitors":8874,"visitors":23677,"id":"20141011"},{"wday":4,"denial":0.0966,"visits":34221,"new_visitors_perc":0.3627,"page_views":241164,"date":"20141010","visit_time":476,"depth":7.0473,"new_visitors":7906,"visitors":21797,"id":"20141010"},{"wday":3,"denial":0.0982,"visits":33547,"new_visitors_perc":0.3508,"page_views":230727,"date":"20141009","visit_time":467,"depth":6.8777,"new_visitors":7402,"visitors":21102,"id":"20141009"},{"wday":2,"denial":0.0996,"visits":33344,"new_visitors_perc":0.3576,"page_views":227799,"date":"20141008","visit_time":461,"depth":6.8318,"new_visitors":7608,"visitors":21273,"id":"20141008"},{"wday":1,"denial":0.099,"visits":34537,"new_visitors_perc":0.373,"page_views":236051,"date":"20141007","visit_time":455,"depth":6.8347,"new_visitors":8247,"visitors":22111,"id":"20141007"},{"wday":0,"denial":0.0998,"visits":35484,"new_visitors_perc":0.3687,"page_views":245906,"date":"20141006","visit_time":459,"depth":6.9301,"new_visitors":8274,"visitors":22443,"id":"20141006"},{"wday":6,"denial":0.0934,"visits":41259,"new_visitors_perc":0.3787,"page_views":302967,"date":"20141005","visit_time":487,"depth":7.3431,"new_visitors":9502,"visitors":25093,"id":"20141005"},{"wday":5,"denial":0.0955,"visits":37735,"new_visitors_perc":0.3776,"page_views":266898,"date":"20141004","visit_time":466,"depth":7.073,"new_visitors":8826,"visitors":23377,"id":"20141004"},{"wday":4,"denial":0.0989,"visits":33950,"new_visitors_perc":0.3762,"page_views":236666,"date":"20141003","visit_time":438,"depth":6.971,"new_visitors":8241,"visitors":21903,"id":"20141003"},{"wday":3,"denial":0.096,"visits":30677,"new_visitors_perc":0.3578,"page_views":209302,"date":"20141002","visit_time":443,"depth":6.8228,"new_visitors":7066,"visitors":19746,"id":"20141002"}],"rows":93,"date1":"20141002","id":"7915231","goals":[],"totals":{"denial":0.1001,"visits":3433751,"new_visitors_perc":0.862,"page_views":23324238,"visit_time":444,"depth":6.7926,"new_visitors":823825,"visitors":955682}}'
    http_version: 
  recorded_at: Fri, 02 Jan 2015 21:00:00 GMT
recorded_with: VCR 2.9.3
