---
http_interactions:
- request:
    method: delete
    uri: http://localhost:9200/shikimori_test_topics
    body:
      encoding: US-ASCII
      string: ''
    headers:
      Content-Type:
      - application/json
      User-Agent:
      - Faraday v0.15.4
      Accept-Encoding:
      - gzip;q=1.0,deflate;q=0.6,identity;q=0.3
      Accept:
      - "*/*"
  response:
    status:
      code: 200
      message: OK
    headers:
      Content-Type:
      - application/json; charset=UTF-8
      Content-Length:
      - '47'
    body:
      encoding: ASCII-8BIT
      string: '{"acknowledged":true}'
    http_version: 
  recorded_at: Thu, 10 May 2018 16:00:00 GMT
- request:
    method: put
    uri: http://localhost:9200/shikimori_test_topics
    body:
      encoding: UTF-8
      string: '{"settings":{"analysis":{"tokenizer":{"edge_ngram_tokenizer":{"type":"edgeNGram","min_gram":1,"max_gram":99}},"filter":{"edgeNGram_filter":{"type":"edgeNGram","min_gram":1,"max_gram":99,"side":"front"},"nGram_filter":{"type":"nGram","min_gram":1,"max_gram":99},"distinct_words_filter":{"type":"unique","only_on_same_position":true},"unique_words_filter":{"type":"unique"},"synonyms_filter":{"type":"synonym","synonyms":["i,
        s1, 1","ii, s2, 2, Ⅱ","iii, s3, 3, Ⅲ","iv, s4, 4, Ⅳ","v, s5, 5, Ⅴ","vi, s6,
        6, Ⅵ","vii, s7, 7, Ⅶ","viii, s8, 8, Ⅷ","ix, s9, 9, Ⅸ","x, s10, 10, Ⅹ"]}},"analyzer":{"original_analyzer":{"type":"custom","tokenizer":"keyword","filter":["lowercase","asciifolding","synonyms_filter"]},"edge_phrase_analyzer":{"type":"custom","tokenizer":"edge_ngram_tokenizer","filter":["lowercase","asciifolding","synonyms_filter","edgeNGram_filter","unique_words_filter"]},"edge_word_analyzer":{"type":"custom","tokenizer":"standard","filter":["lowercase","asciifolding","synonyms_filter","edgeNGram_filter"]},"ngram_analyzer":{"type":"custom","tokenizer":"standard","filter":["lowercase","asciifolding","synonyms_filter","nGram_filter","distinct_words_filter"]},"search_phrase_analyzer":{"type":"custom","tokenizer":"keyword","filter":["lowercase","asciifolding","synonyms_filter"]},"search_word_analyzer":{"type":"custom","tokenizer":"standard","filter":["lowercase","asciifolding","synonyms_filter"]}}}},"mappings":{"topic":{"properties":{"title":{"type":"keyword","index":false,"fields":{"original":{"type":"text","index":true,"analyzer":"original_analyzer","search_analyzer":"search_phrase_analyzer"},"edge_phrase":{"type":"text","index":true,"analyzer":"edge_phrase_analyzer","search_analyzer":"search_phrase_analyzer"},"edge_word":{"type":"text","index":true,"analyzer":"edge_word_analyzer","search_analyzer":"search_word_analyzer"},"ngram":{"type":"text","index":true,"analyzer":"ngram_analyzer","search_analyzer":"search_word_analyzer"}}},"russian":{"type":"keyword","index":false,"fields":{"original":{"type":"text","index":true,"analyzer":"original_analyzer","search_analyzer":"search_phrase_analyzer"},"edge_phrase":{"type":"text","index":true,"analyzer":"edge_phrase_analyzer","search_analyzer":"search_phrase_analyzer"},"edge_word":{"type":"text","index":true,"analyzer":"edge_word_analyzer","search_analyzer":"search_word_analyzer"},"ngram":{"type":"text","index":true,"analyzer":"ngram_analyzer","search_analyzer":"search_word_analyzer"}}},"english":{"type":"keyword","index":false,"fields":{"original":{"type":"text","index":true,"analyzer":"original_analyzer","search_analyzer":"search_phrase_analyzer"},"edge_phrase":{"type":"text","index":true,"analyzer":"edge_phrase_analyzer","search_analyzer":"search_phrase_analyzer"},"edge_word":{"type":"text","index":true,"analyzer":"edge_word_analyzer","search_analyzer":"search_word_analyzer"},"ngram":{"type":"text","index":true,"analyzer":"ngram_analyzer","search_analyzer":"search_word_analyzer"}}},"english_2":{"type":"keyword","index":false,"fields":{"original":{"type":"text","index":true,"analyzer":"original_analyzer","search_analyzer":"search_phrase_analyzer"},"edge_phrase":{"type":"text","index":true,"analyzer":"edge_phrase_analyzer","search_analyzer":"search_phrase_analyzer"},"edge_word":{"type":"text","index":true,"analyzer":"edge_word_analyzer","search_analyzer":"search_word_analyzer"},"ngram":{"type":"text","index":true,"analyzer":"ngram_analyzer","search_analyzer":"search_word_analyzer"}}},"locale":{"type":"keyword"},"forum_id":{"type":"integer"}}}}}'
    headers:
      Content-Type:
      - application/json
      User-Agent:
      - Faraday v0.15.4
      Accept-Encoding:
      - gzip;q=1.0,deflate;q=0.6,identity;q=0.3
      Accept:
      - "*/*"
  response:
    status:
      code: 200
      message: OK
    headers:
      Warning:
      - '299 Elasticsearch-6.7.0-8453f77 "Deprecated big difference between max_gram
        and min_gram in NGram Tokenizer,expected difference must be less than or equal
        to: [1]"'
      - 299 Elasticsearch-6.7.0-8453f77 "[types removal] The parameter include_type_name
        should be explicitly specified in create index requests to prepare for 7.0.
        In 7.0 include_type_name will default to 'false', and requests are expected
        to omit the type name in mapping definitions."
      - 299 Elasticsearch-6.7.0-8453f77 "the default number of shards will change
        from [5] to [1] in 7.0.0; if you wish to continue using the default of [5]
        shards, you must manage this on the create index request or with an index
        template"
      Content-Type:
      - application/json; charset=UTF-8
      Content-Length:
      - '87'
    body:
      encoding: ASCII-8BIT
      string: '{"acknowledged":true,"shards_acknowledged":true,"index":"shikimori_test_topics"}'
    http_version: 
  recorded_at: Thu, 10 May 2018 16:00:00 GMT
- request:
    method: head
    uri: http://localhost:9200/shikimori_test_topics
    body:
      encoding: US-ASCII
      string: ''
    headers:
      Content-Type:
      - application/json
      User-Agent:
      - Faraday v0.15.4
      Accept:
      - "*/*"
  response:
    status:
      code: 200
      message: OK
    headers:
      Warning:
      - 299 Elasticsearch-6.7.0-8453f77 "[types removal] The parameter include_type_name
        should be explicitly specified in get indices requests to prepare for 7.0.
        In 7.0 include_type_name will default to 'false', which means responses will
        omit the type name in mapping definitions."
      Content-Type:
      - application/json; charset=UTF-8
      Content-Length:
      - '3593'
    body:
      encoding: UTF-8
      string: ''
    http_version: 
  recorded_at: Thu, 10 May 2018 16:00:00 GMT
- request:
    method: post
    uri: http://localhost:9200/shikimori_test_topics/topic/_bulk?refresh=true
    body:
      encoding: UTF-8
      string: |
        {"index":{"_id":270100}}
        {"title":"test","russian":null,"english":null,"english_2":null,"locale":"ru","forum_id":1}
    headers:
      Content-Type:
      - application/x-ndjson
      User-Agent:
      - Faraday v0.15.4
      Accept-Encoding:
      - gzip;q=1.0,deflate;q=0.6,identity;q=0.3
      Accept:
      - "*/*"
  response:
    status:
      code: 200
      message: OK
    headers:
      Content-Type:
      - application/json; charset=UTF-8
      Content-Length:
      - '203'
    body:
      encoding: ASCII-8BIT
      string: '{"took":28,"errors":false,"items":[{"index":{"_index":"shikimori_test_topics","_type":"topic","_id":"270100","_version":1,"result":"created","forced_refresh":true,"_shards":{"total":2,"successful":1,"failed":0},"_seq_no":0,"_primary_term":1,"status":201}}]}'
    http_version: 
  recorded_at: Thu, 10 May 2018 16:00:00 GMT
- request:
    method: head
    uri: http://localhost:9200/shikimori_test_topics
    body:
      encoding: US-ASCII
      string: ''
    headers:
      Content-Type:
      - application/json
      User-Agent:
      - Faraday v0.15.4
      Accept:
      - "*/*"
  response:
    status:
      code: 200
      message: OK
    headers:
      Warning:
      - 299 Elasticsearch-6.7.0-8453f77 "[types removal] The parameter include_type_name
        should be explicitly specified in get indices requests to prepare for 7.0.
        In 7.0 include_type_name will default to 'false', which means responses will
        omit the type name in mapping definitions."
      Content-Type:
      - application/json; charset=UTF-8
      Content-Length:
      - '3593'
    body:
      encoding: UTF-8
      string: ''
    http_version: 
  recorded_at: Thu, 10 May 2018 16:00:00 GMT
- request:
    method: post
    uri: http://localhost:9200/shikimori_test_topics/topic/_bulk?refresh=true
    body:
      encoding: UTF-8
      string: |
        {"index":{"_id":270101}}
        {"title":"test zxct","russian":null,"english":null,"english_2":null,"locale":"ru","forum_id":1}
    headers:
      Content-Type:
      - application/x-ndjson
      User-Agent:
      - Faraday v0.15.4
      Accept-Encoding:
      - gzip;q=1.0,deflate;q=0.6,identity;q=0.3
      Accept:
      - "*/*"
  response:
    status:
      code: 200
      message: OK
    headers:
      Content-Type:
      - application/json; charset=UTF-8
      Content-Length:
      - '203'
    body:
      encoding: ASCII-8BIT
      string: '{"took":25,"errors":false,"items":[{"index":{"_index":"shikimori_test_topics","_type":"topic","_id":"270101","_version":1,"result":"created","forced_refresh":true,"_shards":{"total":2,"successful":1,"failed":0},"_seq_no":1,"_primary_term":1,"status":201}}]}'
    http_version: 
  recorded_at: Thu, 10 May 2018 16:00:00 GMT
- request:
    method: head
    uri: http://localhost:9200/shikimori_test_topics
    body:
      encoding: US-ASCII
      string: ''
    headers:
      Content-Type:
      - application/json
      User-Agent:
      - Faraday v0.15.4
      Accept:
      - "*/*"
  response:
    status:
      code: 200
      message: OK
    headers:
      Warning:
      - 299 Elasticsearch-6.7.0-8453f77 "[types removal] The parameter include_type_name
        should be explicitly specified in get indices requests to prepare for 7.0.
        In 7.0 include_type_name will default to 'false', which means responses will
        omit the type name in mapping definitions."
      Content-Type:
      - application/json; charset=UTF-8
      Content-Length:
      - '3593'
    body:
      encoding: UTF-8
      string: ''
    http_version: 
  recorded_at: Thu, 10 May 2018 16:00:00 GMT
- request:
    method: post
    uri: http://localhost:9200/shikimori_test_topics/topic/_bulk?refresh=true
    body:
      encoding: UTF-8
      string: |
        {"index":{"_id":270102}}
        {"title":"test 2","russian":null,"english":null,"english_2":null,"locale":"en","forum_id":1}
    headers:
      Content-Type:
      - application/x-ndjson
      User-Agent:
      - Faraday v0.15.4
      Accept-Encoding:
      - gzip;q=1.0,deflate;q=0.6,identity;q=0.3
      Accept:
      - "*/*"
  response:
    status:
      code: 200
      message: OK
    headers:
      Content-Type:
      - application/json; charset=UTF-8
      Content-Length:
      - '204'
    body:
      encoding: ASCII-8BIT
      string: '{"took":31,"errors":false,"items":[{"index":{"_index":"shikimori_test_topics","_type":"topic","_id":"270102","_version":1,"result":"created","forced_refresh":true,"_shards":{"total":2,"successful":1,"failed":0},"_seq_no":0,"_primary_term":1,"status":201}}]}'
    http_version: 
  recorded_at: Thu, 10 May 2018 16:00:00 GMT
- request:
    method: head
    uri: http://localhost:9200/shikimori_test_topics
    body:
      encoding: US-ASCII
      string: ''
    headers:
      Content-Type:
      - application/json
      User-Agent:
      - Faraday v0.15.4
      Accept:
      - "*/*"
  response:
    status:
      code: 200
      message: OK
    headers:
      Warning:
      - 299 Elasticsearch-6.7.0-8453f77 "[types removal] The parameter include_type_name
        should be explicitly specified in get indices requests to prepare for 7.0.
        In 7.0 include_type_name will default to 'false', which means responses will
        omit the type name in mapping definitions."
      Content-Type:
      - application/json; charset=UTF-8
      Content-Length:
      - '3593'
    body:
      encoding: UTF-8
      string: ''
    http_version: 
  recorded_at: Thu, 10 May 2018 16:00:00 GMT
- request:
    method: post
    uri: http://localhost:9200/shikimori_test_topics/topic/_bulk?refresh=true
    body:
      encoding: UTF-8
      string: |
        {"index":{"_id":270103}}
        {"title":"test","russian":null,"english":null,"english_2":null,"locale":"ru","forum_id":13}
    headers:
      Content-Type:
      - application/x-ndjson
      User-Agent:
      - Faraday v0.15.4
      Accept-Encoding:
      - gzip;q=1.0,deflate;q=0.6,identity;q=0.3
      Accept:
      - "*/*"
  response:
    status:
      code: 200
      message: OK
    headers:
      Content-Type:
      - application/json; charset=UTF-8
      Content-Length:
      - '203'
    body:
      encoding: ASCII-8BIT
      string: '{"took":24,"errors":false,"items":[{"index":{"_index":"shikimori_test_topics","_type":"topic","_id":"270103","_version":1,"result":"created","forced_refresh":true,"_shards":{"total":2,"successful":1,"failed":0},"_seq_no":1,"_primary_term":1,"status":201}}]}'
    http_version: 
  recorded_at: Thu, 10 May 2018 16:00:00 GMT
- request:
    method: get
    uri: http://localhost:9200/shikimori_test_topics/topic/_search
    body:
      encoding: UTF-8
      string: '{"size":10,"query":{"bool":{"must":[{"dis_max":{"queries":[{"match":{"title.original":{"query":"test","boost":400}}},{"match":{"title.edge_phrase":{"query":"test","boost":50}}},{"match":{"title.edge_word":{"query":"test","boost":20}}},{"match":{"title.ngram":{"query":"test"}}},{"match":{"russian.original":{"query":"test","boost":400}}},{"match":{"russian.edge_phrase":{"query":"test","boost":50}}},{"match":{"russian.edge_word":{"query":"test","boost":20}}},{"match":{"russian.ngram":{"query":"test"}}},{"match":{"english.original":{"query":"test","boost":400}}},{"match":{"english.edge_phrase":{"query":"test","boost":50}}},{"match":{"english.edge_word":{"query":"test","boost":20}}},{"match":{"english.ngram":{"query":"test"}}},{"match":{"english_2.original":{"query":"test","boost":400}}},{"match":{"english_2.edge_phrase":{"query":"test","boost":50}}},{"match":{"english_2.edge_word":{"query":"test","boost":20}}},{"match":{"english_2.ngram":{"query":"test"}}}],"tie_breaker":0,"boost":1}},{"term":{"locale":"ru"}},{"term":{"forum_id":1}}]}}}'
    headers:
      Content-Type:
      - application/json
      User-Agent:
      - Faraday v0.15.4
      Accept-Encoding:
      - gzip;q=1.0,deflate;q=0.6,identity;q=0.3
      Accept:
      - "*/*"
  response:
    status:
      code: 200
      message: OK
    headers:
      Content-Type:
      - application/json; charset=UTF-8
      Content-Length:
      - '252'
    body:
      encoding: ASCII-8BIT
      string: '{"took":31,"timed_out":false,"_shards":{"total":5,"successful":5,"skipped":0,"failed":0},"hits":{"total":2,"max_score":278.4412,"hits":[{"_index":"shikimori_test_topics","_type":"topic","_id":"270100","_score":278.4412,"_source":{"title":"test","russian":null,"english":null,"english_2":null,"locale":"ru","forum_id":1}},{"_index":"shikimori_test_topics","_type":"topic","_id":"270101","_score":15.124558,"_source":{"title":"test
        zxct","russian":null,"english":null,"english_2":null,"locale":"ru","forum_id":1}}]}}'
    http_version: 
  recorded_at: Thu, 10 May 2018 16:00:00 GMT
recorded_with: VCR 4.0.0
